[temporalio-common 0.1.0] cargo:rerun-if-changed=./protos
[temporalio-common 0.1.0] cargo:warning=Starting request header generation
[temporalio-common 0.1.0] cargo:warning=Loaded 1062417 bytes from descriptor file "/Users/tconley/sdk-core/target/debug/build/temporalio-common-7d5cddbe3c249529/out/descriptors.bin"
[temporalio-common 0.1.0] cargo:warning=Processing 79 proto files
[temporalio-common 0.1.0] cargo:warning=Processing file: google/protobuf/duration.proto (package: google.protobuf)
[temporalio-common 0.1.0] cargo:warning=Processing file: google/protobuf/empty.proto (package: google.protobuf)
[temporalio-common 0.1.0] cargo:warning=Processing file: google/protobuf/timestamp.proto (package: google.protobuf)
[temporalio-common 0.1.0] cargo:warning=Processing file: temporal/api/enums/v1/common.proto (package: temporal.api.enums.v1)
[temporalio-common 0.1.0] cargo:warning=Processing file: temporal/api/enums/v1/event_type.proto (package: temporal.api.enums.v1)
[temporalio-common 0.1.0] cargo:warning=Processing file: temporal/api/enums/v1/reset.proto (package: temporal.api.enums.v1)
[temporalio-common 0.1.0] cargo:warning=Processing file: temporal/api/common/v1/message.proto (package: temporal.api.common.v1)
[temporalio-common 0.1.0] cargo:warning=Processing file: temporal/api/enums/v1/workflow.proto (package: temporal.api.enums.v1)
[temporalio-common 0.1.0] cargo:warning=Processing file: temporal/api/enums/v1/nexus.proto (package: temporal.api.enums.v1)
[temporalio-common 0.1.0] cargo:warning=Processing file: temporal/api/failure/v1/message.proto (package: temporal.api.failure.v1)
[temporalio-common 0.1.0] cargo:warning=Processing file: temporal/sdk/core/activity_result/activity_result.proto (package: coresdk.activity_result)
[temporalio-common 0.1.0] cargo:warning=Processing file: temporal/sdk/core/common/common.proto (package: coresdk.common)
[temporalio-common 0.1.0] cargo:warning=Processing file: temporal/sdk/core/activity_task/activity_task.proto (package: coresdk.activity_task)
[temporalio-common 0.1.0] cargo:warning=Processing file: temporal/sdk/core/external_data/external_data.proto (package: coresdk.external_data)
[temporalio-common 0.1.0] cargo:warning=Processing file: temporal/api/enums/v1/update.proto (package: temporal.api.enums.v1)
[temporalio-common 0.1.0] cargo:warning=Processing file: temporal/api/update/v1/message.proto (package: temporal.api.update.v1)
[temporalio-common 0.1.0] cargo:warning=Processing file: temporal/sdk/core/child_workflow/child_workflow.proto (package: coresdk.child_workflow)
[temporalio-common 0.1.0] cargo:warning=Processing file: temporal/api/nexus/v1/message.proto (package: temporal.api.nexus.v1)
[temporalio-common 0.1.0] cargo:warning=Processing file: temporal/api/enums/v1/batch_operation.proto (package: temporal.api.enums.v1)
[temporalio-common 0.1.0] cargo:warning=Processing file: temporal/api/enums/v1/namespace.proto (package: temporal.api.enums.v1)
[temporalio-common 0.1.0] cargo:warning=Processing file: temporal/api/enums/v1/failed_cause.proto (package: temporal.api.enums.v1)
[temporalio-common 0.1.0] cargo:warning=Processing file: temporal/api/enums/v1/query.proto (package: temporal.api.enums.v1)
[temporalio-common 0.1.0] cargo:warning=Processing file: temporal/api/enums/v1/task_queue.proto (package: temporal.api.enums.v1)
[temporalio-common 0.1.0] cargo:warning=Processing file: temporal/api/enums/v1/deployment.proto (package: temporal.api.enums.v1)
[temporalio-common 0.1.0] cargo:warning=Processing file: temporal/api/enums/v1/activity.proto (package: temporal.api.enums.v1)
[temporalio-common 0.1.0] cargo:warning=Processing file: temporal/api/deployment/v1/message.proto (package: temporal.api.deployment.v1)
[temporalio-common 0.1.0] cargo:warning=Processing file: google/protobuf/wrappers.proto (package: google.protobuf)
[temporalio-common 0.1.0] cargo:warning=Processing file: temporal/api/taskqueue/v1/message.proto (package: temporal.api.taskqueue.v1)
[temporalio-common 0.1.0] cargo:warning=Processing file: temporal/api/sdk/v1/user_metadata.proto (package: temporal.api.sdk.v1)
[temporalio-common 0.1.0] cargo:warning=Processing file: temporal/api/activity/v1/message.proto (package: temporal.api.activity.v1)
[temporalio-common 0.1.0] cargo:warning=Processing file: google/protobuf/field_mask.proto (package: google.protobuf)
[temporalio-common 0.1.0] cargo:warning=Processing file: temporal/api/workflow/v1/message.proto (package: temporal.api.workflow.v1)
[temporalio-common 0.1.0] cargo:warning=Processing file: temporal/api/sdk/v1/task_complete_metadata.proto (package: temporal.api.sdk.v1)
[temporalio-common 0.1.0] cargo:warning=Processing file: temporal/api/history/v1/message.proto (package: temporal.api.history.v1)
[temporalio-common 0.1.0] cargo:warning=Processing file: temporal/api/enums/v1/command_type.proto (package: temporal.api.enums.v1)
[temporalio-common 0.1.0] cargo:warning=Processing file: temporal/api/command/v1/message.proto (package: temporal.api.command.v1)
[temporalio-common 0.1.0] cargo:warning=Processing file: temporal/api/filter/v1/message.proto (package: temporal.api.filter.v1)
[temporalio-common 0.1.0] cargo:warning=Processing file: google/protobuf/any.proto (package: google.protobuf)
[temporalio-common 0.1.0] cargo:warning=Processing file: temporal/api/protocol/v1/message.proto (package: temporal.api.protocol.v1)
[temporalio-common 0.1.0] cargo:warning=Processing file: temporal/api/namespace/v1/message.proto (package: temporal.api.namespace.v1)
[temporalio-common 0.1.0] cargo:warning=Processing file: temporal/api/query/v1/message.proto (package: temporal.api.query.v1)
[temporalio-common 0.1.0] cargo:warning=Processing file: temporal/api/replication/v1/message.proto (package: temporal.api.replication.v1)
[temporalio-common 0.1.0] cargo:warning=Processing file: temporal/api/rules/v1/message.proto (package: temporal.api.rules.v1)
[temporalio-common 0.1.0] cargo:warning=Processing file: temporal/api/sdk/v1/worker_config.proto (package: temporal.api.sdk.v1)
[temporalio-common 0.1.0] cargo:warning=Processing file: temporal/api/enums/v1/schedule.proto (package: temporal.api.enums.v1)
[temporalio-common 0.1.0] cargo:warning=Processing file: temporal/api/schedule/v1/message.proto (package: temporal.api.schedule.v1)
[temporalio-common 0.1.0] cargo:warning=Processing file: temporal/api/version/v1/message.proto (package: temporal.api.version.v1)
[temporalio-common 0.1.0] cargo:warning=Processing file: temporal/api/batch/v1/message.proto (package: temporal.api.batch.v1)
[temporalio-common 0.1.0] cargo:warning=Processing file: temporal/api/worker/v1/message.proto (package: temporal.api.worker.v1)
[temporalio-common 0.1.0] cargo:warning=Processing file: temporal/api/workflowservice/v1/request_response.proto (package: temporal.api.workflowservice.v1)
[temporalio-common 0.1.0] cargo:warning=Processing file: temporal/sdk/core/nexus/nexus.proto (package: coresdk.nexus)
[temporalio-common 0.1.0] cargo:warning=Processing file: temporal/sdk/core/workflow_activation/workflow_activation.proto (package: coresdk.workflow_activation)
[temporalio-common 0.1.0] cargo:warning=Processing file: temporal/sdk/core/workflow_commands/workflow_commands.proto (package: coresdk.workflow_commands)
[temporalio-common 0.1.0] cargo:warning=Processing file: temporal/sdk/core/workflow_completion/workflow_completion.proto (package: coresdk.workflow_completion)
[temporalio-common 0.1.0] cargo:warning=Processing file: temporal/sdk/core/core_interface.proto (package: coresdk)
[temporalio-common 0.1.0] cargo:warning=Processing file: google/api/http.proto (package: google.api)
[temporalio-common 0.1.0] cargo:warning=Processing file: google/protobuf/descriptor.proto (package: google.protobuf)
[temporalio-common 0.1.0] cargo:warning=Processing file: google/api/annotations.proto (package: google.api)
[temporalio-common 0.1.0] cargo:warning=Processing file: temporal/api/protometa/v1/annotations.proto (package: temporal.api.protometa.v1)
[temporalio-common 0.1.0] cargo:warning=Processing file: temporal/api/workflowservice/v1/service.proto (package: temporal.api.workflowservice.v1)
[temporalio-common 0.1.0] cargo:warning=Processing file: temporal/api/operatorservice/v1/request_response.proto (package: temporal.api.operatorservice.v1)
[temporalio-common 0.1.0] cargo:warning=Processing file: temporal/api/operatorservice/v1/service.proto (package: temporal.api.operatorservice.v1)
[temporalio-common 0.1.0] cargo:warning=Processing file: temporal/api/errordetails/v1/message.proto (package: temporal.api.errordetails.v1)
[temporalio-common 0.1.0] cargo:warning=Processing file: temporal/api/cloud/operation/v1/message.proto (package: temporal.api.cloud.operation.v1)
[temporalio-common 0.1.0] cargo:warning=Processing file: temporal/api/cloud/resource/v1/message.proto (package: temporal.api.cloud.resource.v1)
[temporalio-common 0.1.0] cargo:warning=Processing file: temporal/api/cloud/identity/v1/message.proto (package: temporal.api.cloud.identity.v1)
[temporalio-common 0.1.0] cargo:warning=Processing file: temporal/api/cloud/sink/v1/message.proto (package: temporal.api.cloud.sink.v1)
[temporalio-common 0.1.0] cargo:warning=Processing file: temporal/api/cloud/connectivityrule/v1/message.proto (package: temporal.api.cloud.connectivityrule.v1)
[temporalio-common 0.1.0] cargo:warning=Processing file: temporal/api/cloud/namespace/v1/message.proto (package: temporal.api.cloud.namespace.v1)
[temporalio-common 0.1.0] cargo:warning=Processing file: temporal/api/cloud/nexus/v1/message.proto (package: temporal.api.cloud.nexus.v1)
[temporalio-common 0.1.0] cargo:warning=Processing file: temporal/api/cloud/region/v1/message.proto (package: temporal.api.cloud.region.v1)
[temporalio-common 0.1.0] cargo:warning=Processing file: temporal/api/cloud/account/v1/message.proto (package: temporal.api.cloud.account.v1)
[temporalio-common 0.1.0] cargo:warning=Processing file: temporal/api/cloud/usage/v1/message.proto (package: temporal.api.cloud.usage.v1)
[temporalio-common 0.1.0] cargo:warning=Processing file: temporal/api/cloud/cloudservice/v1/request_response.proto (package: temporal.api.cloud.cloudservice.v1)
[temporalio-common 0.1.0] cargo:warning=Processing file: temporal/api/cloud/cloudservice/v1/service.proto (package: temporal.api.cloud.cloudservice.v1)
[temporalio-common 0.1.0] cargo:warning=Processing file: temporal/api/testservice/v1/request_response.proto (package: temporal.api.testservice.v1)
[temporalio-common 0.1.0] cargo:warning=Processing file: temporal/api/testservice/v1/service.proto (package: temporal.api.testservice.v1)
[temporalio-common 0.1.0] cargo:warning=Processing file: health/v1/health.proto (package: grpc.health.v1)
[temporalio-common 0.1.0] cargo:warning=Processing file: google/rpc/status.proto (package: google.rpc)
[temporalio-common 0.1.0] cargo:warning=Looking for services in file: google/protobuf/duration.proto (package: google.protobuf)
[temporalio-common 0.1.0] cargo:warning=Looking for services in file: google/protobuf/empty.proto (package: google.protobuf)
[temporalio-common 0.1.0] cargo:warning=Looking for services in file: google/protobuf/timestamp.proto (package: google.protobuf)
[temporalio-common 0.1.0] cargo:warning=Looking for services in file: temporal/api/enums/v1/common.proto (package: temporal.api.enums.v1)
[temporalio-common 0.1.0] cargo:warning=Looking for services in file: temporal/api/enums/v1/event_type.proto (package: temporal.api.enums.v1)
[temporalio-common 0.1.0] cargo:warning=Looking for services in file: temporal/api/enums/v1/reset.proto (package: temporal.api.enums.v1)
[temporalio-common 0.1.0] cargo:warning=Looking for services in file: temporal/api/common/v1/message.proto (package: temporal.api.common.v1)
[temporalio-common 0.1.0] cargo:warning=Looking for services in file: temporal/api/enums/v1/workflow.proto (package: temporal.api.enums.v1)
[temporalio-common 0.1.0] cargo:warning=Looking for services in file: temporal/api/enums/v1/nexus.proto (package: temporal.api.enums.v1)
[temporalio-common 0.1.0] cargo:warning=Looking for services in file: temporal/api/failure/v1/message.proto (package: temporal.api.failure.v1)
[temporalio-common 0.1.0] cargo:warning=Looking for services in file: temporal/sdk/core/activity_result/activity_result.proto (package: coresdk.activity_result)
[temporalio-common 0.1.0] cargo:warning=Looking for services in file: temporal/sdk/core/common/common.proto (package: coresdk.common)
[temporalio-common 0.1.0] cargo:warning=Looking for services in file: temporal/sdk/core/activity_task/activity_task.proto (package: coresdk.activity_task)
[temporalio-common 0.1.0] cargo:warning=Looking for services in file: temporal/sdk/core/external_data/external_data.proto (package: coresdk.external_data)
[temporalio-common 0.1.0] cargo:warning=Looking for services in file: temporal/api/enums/v1/update.proto (package: temporal.api.enums.v1)
[temporalio-common 0.1.0] cargo:warning=Looking for services in file: temporal/api/update/v1/message.proto (package: temporal.api.update.v1)
[temporalio-common 0.1.0] cargo:warning=Looking for services in file: temporal/sdk/core/child_workflow/child_workflow.proto (package: coresdk.child_workflow)
[temporalio-common 0.1.0] cargo:warning=Looking for services in file: temporal/api/nexus/v1/message.proto (package: temporal.api.nexus.v1)
[temporalio-common 0.1.0] cargo:warning=Looking for services in file: temporal/api/enums/v1/batch_operation.proto (package: temporal.api.enums.v1)
[temporalio-common 0.1.0] cargo:warning=Looking for services in file: temporal/api/enums/v1/namespace.proto (package: temporal.api.enums.v1)
[temporalio-common 0.1.0] cargo:warning=Looking for services in file: temporal/api/enums/v1/failed_cause.proto (package: temporal.api.enums.v1)
[temporalio-common 0.1.0] cargo:warning=Looking for services in file: temporal/api/enums/v1/query.proto (package: temporal.api.enums.v1)
[temporalio-common 0.1.0] cargo:warning=Looking for services in file: temporal/api/enums/v1/task_queue.proto (package: temporal.api.enums.v1)
[temporalio-common 0.1.0] cargo:warning=Looking for services in file: temporal/api/enums/v1/deployment.proto (package: temporal.api.enums.v1)
[temporalio-common 0.1.0] cargo:warning=Looking for services in file: temporal/api/enums/v1/activity.proto (package: temporal.api.enums.v1)
[temporalio-common 0.1.0] cargo:warning=Looking for services in file: temporal/api/deployment/v1/message.proto (package: temporal.api.deployment.v1)
[temporalio-common 0.1.0] cargo:warning=Looking for services in file: google/protobuf/wrappers.proto (package: google.protobuf)
[temporalio-common 0.1.0] cargo:warning=Looking for services in file: temporal/api/taskqueue/v1/message.proto (package: temporal.api.taskqueue.v1)
[temporalio-common 0.1.0] cargo:warning=Looking for services in file: temporal/api/sdk/v1/user_metadata.proto (package: temporal.api.sdk.v1)
[temporalio-common 0.1.0] cargo:warning=Looking for services in file: temporal/api/activity/v1/message.proto (package: temporal.api.activity.v1)
[temporalio-common 0.1.0] cargo:warning=Looking for services in file: google/protobuf/field_mask.proto (package: google.protobuf)
[temporalio-common 0.1.0] cargo:warning=Looking for services in file: temporal/api/workflow/v1/message.proto (package: temporal.api.workflow.v1)
[temporalio-common 0.1.0] cargo:warning=Looking for services in file: temporal/api/sdk/v1/task_complete_metadata.proto (package: temporal.api.sdk.v1)
[temporalio-common 0.1.0] cargo:warning=Looking for services in file: temporal/api/history/v1/message.proto (package: temporal.api.history.v1)
[temporalio-common 0.1.0] cargo:warning=Looking for services in file: temporal/api/enums/v1/command_type.proto (package: temporal.api.enums.v1)
[temporalio-common 0.1.0] cargo:warning=Looking for services in file: temporal/api/command/v1/message.proto (package: temporal.api.command.v1)
[temporalio-common 0.1.0] cargo:warning=Looking for services in file: temporal/api/filter/v1/message.proto (package: temporal.api.filter.v1)
[temporalio-common 0.1.0] cargo:warning=Looking for services in file: google/protobuf/any.proto (package: google.protobuf)
[temporalio-common 0.1.0] cargo:warning=Looking for services in file: temporal/api/protocol/v1/message.proto (package: temporal.api.protocol.v1)
[temporalio-common 0.1.0] cargo:warning=Looking for services in file: temporal/api/namespace/v1/message.proto (package: temporal.api.namespace.v1)
[temporalio-common 0.1.0] cargo:warning=Looking for services in file: temporal/api/query/v1/message.proto (package: temporal.api.query.v1)
[temporalio-common 0.1.0] cargo:warning=Looking for services in file: temporal/api/replication/v1/message.proto (package: temporal.api.replication.v1)
[temporalio-common 0.1.0] cargo:warning=Looking for services in file: temporal/api/rules/v1/message.proto (package: temporal.api.rules.v1)
[temporalio-common 0.1.0] cargo:warning=Looking for services in file: temporal/api/sdk/v1/worker_config.proto (package: temporal.api.sdk.v1)
[temporalio-common 0.1.0] cargo:warning=Looking for services in file: temporal/api/enums/v1/schedule.proto (package: temporal.api.enums.v1)
[temporalio-common 0.1.0] cargo:warning=Looking for services in file: temporal/api/schedule/v1/message.proto (package: temporal.api.schedule.v1)
[temporalio-common 0.1.0] cargo:warning=Looking for services in file: temporal/api/version/v1/message.proto (package: temporal.api.version.v1)
[temporalio-common 0.1.0] cargo:warning=Looking for services in file: temporal/api/batch/v1/message.proto (package: temporal.api.batch.v1)
[temporalio-common 0.1.0] cargo:warning=Looking for services in file: temporal/api/worker/v1/message.proto (package: temporal.api.worker.v1)
[temporalio-common 0.1.0] cargo:warning=Looking for services in file: temporal/api/workflowservice/v1/request_response.proto (package: temporal.api.workflowservice.v1)
[temporalio-common 0.1.0] cargo:warning=Looking for services in file: temporal/sdk/core/nexus/nexus.proto (package: coresdk.nexus)
[temporalio-common 0.1.0] cargo:warning=Looking for services in file: temporal/sdk/core/workflow_activation/workflow_activation.proto (package: coresdk.workflow_activation)
[temporalio-common 0.1.0] cargo:warning=Looking for services in file: temporal/sdk/core/workflow_commands/workflow_commands.proto (package: coresdk.workflow_commands)
[temporalio-common 0.1.0] cargo:warning=Looking for services in file: temporal/sdk/core/workflow_completion/workflow_completion.proto (package: coresdk.workflow_completion)
[temporalio-common 0.1.0] cargo:warning=Looking for services in file: temporal/sdk/core/core_interface.proto (package: coresdk)
[temporalio-common 0.1.0] cargo:warning=Looking for services in file: google/api/http.proto (package: google.api)
[temporalio-common 0.1.0] cargo:warning=Looking for services in file: google/protobuf/descriptor.proto (package: google.protobuf)
[temporalio-common 0.1.0] cargo:warning=Looking for services in file: google/api/annotations.proto (package: google.api)
[temporalio-common 0.1.0] cargo:warning=Looking for services in file: temporal/api/protometa/v1/annotations.proto (package: temporal.api.protometa.v1)
[temporalio-common 0.1.0] cargo:warning=Looking for services in file: temporal/api/workflowservice/v1/service.proto (package: temporal.api.workflowservice.v1)
[temporalio-common 0.1.0] cargo:warning=Found service: WorkflowService
[temporalio-common 0.1.0] cargo:warning=Processing method: temporal.api.workflowservice.v1.WorkflowService.RegisterNamespace with input type: temporal.api.workflowservice.v1.RegisterNamespaceRequest
[temporalio-common 0.1.0] cargo:warning=Method RegisterNamespace has options. Let's debug the raw options data.
[temporalio-common 0.1.0] cargo:warning=Options bytes length: 0
[temporalio-common 0.1.0] cargo:warning=First 50 bytes as hex: 
[temporalio-common 0.1.0] No extension found for method RegisterNamespace
[temporalio-common 0.1.0] cargo:warning=Processing method: temporal.api.workflowservice.v1.WorkflowService.DescribeNamespace with input type: temporal.api.workflowservice.v1.DescribeNamespaceRequest
[temporalio-common 0.1.0] cargo:warning=Method DescribeNamespace has options. Let's debug the raw options data.
[temporalio-common 0.1.0] cargo:warning=Options bytes length: 0
[temporalio-common 0.1.0] cargo:warning=First 50 bytes as hex: 
[temporalio-common 0.1.0] No extension found for method DescribeNamespace
[temporalio-common 0.1.0] cargo:warning=Processing method: temporal.api.workflowservice.v1.WorkflowService.ListNamespaces with input type: temporal.api.workflowservice.v1.ListNamespacesRequest
[temporalio-common 0.1.0] cargo:warning=Method ListNamespaces has options. Let's debug the raw options data.
[temporalio-common 0.1.0] cargo:warning=Options bytes length: 0
[temporalio-common 0.1.0] cargo:warning=First 50 bytes as hex: 
[temporalio-common 0.1.0] No extension found for method ListNamespaces
[temporalio-common 0.1.0] cargo:warning=Processing method: temporal.api.workflowservice.v1.WorkflowService.UpdateNamespace with input type: temporal.api.workflowservice.v1.UpdateNamespaceRequest
[temporalio-common 0.1.0] cargo:warning=Method UpdateNamespace has options. Let's debug the raw options data.
[temporalio-common 0.1.0] cargo:warning=Options bytes length: 0
[temporalio-common 0.1.0] cargo:warning=First 50 bytes as hex: 
[temporalio-common 0.1.0] No extension found for method UpdateNamespace
[temporalio-common 0.1.0] cargo:warning=Processing method: temporal.api.workflowservice.v1.WorkflowService.DeprecateNamespace with input type: temporal.api.workflowservice.v1.DeprecateNamespaceRequest
[temporalio-common 0.1.0] cargo:warning=Method DeprecateNamespace has options. Let's debug the raw options data.
[temporalio-common 0.1.0] cargo:warning=Options bytes length: 0
[temporalio-common 0.1.0] cargo:warning=First 50 bytes as hex: 
[temporalio-common 0.1.0] No extension found for method DeprecateNamespace
[temporalio-common 0.1.0] cargo:warning=Processing method: temporal.api.workflowservice.v1.WorkflowService.StartWorkflowExecution with input type: temporal.api.workflowservice.v1.StartWorkflowExecutionRequest
[temporalio-common 0.1.0] cargo:warning=Method StartWorkflowExecution has options. Let's debug the raw options data.
[temporalio-common 0.1.0] cargo:warning=Options bytes length: 0
[temporalio-common 0.1.0] cargo:warning=First 50 bytes as hex: 
[temporalio-common 0.1.0] No extension found for method StartWorkflowExecution
[temporalio-common 0.1.0] cargo:warning=Processing method: temporal.api.workflowservice.v1.WorkflowService.ExecuteMultiOperation with input type: temporal.api.workflowservice.v1.ExecuteMultiOperationRequest
[temporalio-common 0.1.0] cargo:warning=Method ExecuteMultiOperation has options. Let's debug the raw options data.
[temporalio-common 0.1.0] cargo:warning=Options bytes length: 0
[temporalio-common 0.1.0] cargo:warning=First 50 bytes as hex: 
[temporalio-common 0.1.0] No extension found for method ExecuteMultiOperation
[temporalio-common 0.1.0] cargo:warning=Processing method: temporal.api.workflowservice.v1.WorkflowService.GetWorkflowExecutionHistory with input type: temporal.api.workflowservice.v1.GetWorkflowExecutionHistoryRequest
[temporalio-common 0.1.0] cargo:warning=Method GetWorkflowExecutionHistory has options. Let's debug the raw options data.
[temporalio-common 0.1.0] cargo:warning=Options bytes length: 0
[temporalio-common 0.1.0] cargo:warning=First 50 bytes as hex: 
[temporalio-common 0.1.0] No extension found for method GetWorkflowExecutionHistory
[temporalio-common 0.1.0] cargo:warning=Processing method: temporal.api.workflowservice.v1.WorkflowService.GetWorkflowExecutionHistoryReverse with input type: temporal.api.workflowservice.v1.GetWorkflowExecutionHistoryReverseRequest
[temporalio-common 0.1.0] cargo:warning=Method GetWorkflowExecutionHistoryReverse has options. Let's debug the raw options data.
[temporalio-common 0.1.0] cargo:warning=Options bytes length: 0
[temporalio-common 0.1.0] cargo:warning=First 50 bytes as hex: 
[temporalio-common 0.1.0] No extension found for method GetWorkflowExecutionHistoryReverse
[temporalio-common 0.1.0] cargo:warning=Processing method: temporal.api.workflowservice.v1.WorkflowService.PollWorkflowTaskQueue with input type: temporal.api.workflowservice.v1.PollWorkflowTaskQueueRequest
[temporalio-common 0.1.0] cargo:warning=Method PollWorkflowTaskQueue has options. Let's debug the raw options data.
[temporalio-common 0.1.0] cargo:warning=Options bytes length: 0
[temporalio-common 0.1.0] cargo:warning=First 50 bytes as hex: 
[temporalio-common 0.1.0] No extension found for method PollWorkflowTaskQueue
[temporalio-common 0.1.0] cargo:warning=Processing method: temporal.api.workflowservice.v1.WorkflowService.RespondWorkflowTaskCompleted with input type: temporal.api.workflowservice.v1.RespondWorkflowTaskCompletedRequest
[temporalio-common 0.1.0] cargo:warning=Method RespondWorkflowTaskCompleted has options. Let's debug the raw options data.
[temporalio-common 0.1.0] cargo:warning=Options bytes length: 0
[temporalio-common 0.1.0] cargo:warning=First 50 bytes as hex: 
[temporalio-common 0.1.0] No extension found for method RespondWorkflowTaskCompleted
[temporalio-common 0.1.0] cargo:warning=Processing method: temporal.api.workflowservice.v1.WorkflowService.RespondWorkflowTaskFailed with input type: temporal.api.workflowservice.v1.RespondWorkflowTaskFailedRequest
[temporalio-common 0.1.0] cargo:warning=Method RespondWorkflowTaskFailed has options. Let's debug the raw options data.
[temporalio-common 0.1.0] cargo:warning=Options bytes length: 0
[temporalio-common 0.1.0] cargo:warning=First 50 bytes as hex: 
[temporalio-common 0.1.0] No extension found for method RespondWorkflowTaskFailed
[temporalio-common 0.1.0] cargo:warning=Processing method: temporal.api.workflowservice.v1.WorkflowService.PollActivityTaskQueue with input type: temporal.api.workflowservice.v1.PollActivityTaskQueueRequest
[temporalio-common 0.1.0] cargo:warning=Method PollActivityTaskQueue has options. Let's debug the raw options data.
[temporalio-common 0.1.0] cargo:warning=Options bytes length: 0
[temporalio-common 0.1.0] cargo:warning=First 50 bytes as hex: 
[temporalio-common 0.1.0] No extension found for method PollActivityTaskQueue
[temporalio-common 0.1.0] cargo:warning=Processing method: temporal.api.workflowservice.v1.WorkflowService.RecordActivityTaskHeartbeat with input type: temporal.api.workflowservice.v1.RecordActivityTaskHeartbeatRequest
[temporalio-common 0.1.0] cargo:warning=Method RecordActivityTaskHeartbeat has options. Let's debug the raw options data.
[temporalio-common 0.1.0] cargo:warning=Options bytes length: 0
[temporalio-common 0.1.0] cargo:warning=First 50 bytes as hex: 
[temporalio-common 0.1.0] No extension found for method RecordActivityTaskHeartbeat
[temporalio-common 0.1.0] cargo:warning=Processing method: temporal.api.workflowservice.v1.WorkflowService.RecordActivityTaskHeartbeatById with input type: temporal.api.workflowservice.v1.RecordActivityTaskHeartbeatByIdRequest
[temporalio-common 0.1.0] cargo:warning=Method RecordActivityTaskHeartbeatById has options. Let's debug the raw options data.
[temporalio-common 0.1.0] cargo:warning=Options bytes length: 0
[temporalio-common 0.1.0] cargo:warning=First 50 bytes as hex: 
[temporalio-common 0.1.0] No extension found for method RecordActivityTaskHeartbeatById
[temporalio-common 0.1.0] cargo:warning=Processing method: temporal.api.workflowservice.v1.WorkflowService.RespondActivityTaskCompleted with input type: temporal.api.workflowservice.v1.RespondActivityTaskCompletedRequest
[temporalio-common 0.1.0] cargo:warning=Method RespondActivityTaskCompleted has options. Let's debug the raw options data.
[temporalio-common 0.1.0] cargo:warning=Options bytes length: 0
[temporalio-common 0.1.0] cargo:warning=First 50 bytes as hex: 
[temporalio-common 0.1.0] No extension found for method RespondActivityTaskCompleted
[temporalio-common 0.1.0] cargo:warning=Processing method: temporal.api.workflowservice.v1.WorkflowService.RespondActivityTaskCompletedById with input type: temporal.api.workflowservice.v1.RespondActivityTaskCompletedByIdRequest
[temporalio-common 0.1.0] cargo:warning=Method RespondActivityTaskCompletedById has options. Let's debug the raw options data.
[temporalio-common 0.1.0] cargo:warning=Options bytes length: 0
[temporalio-common 0.1.0] cargo:warning=First 50 bytes as hex: 
[temporalio-common 0.1.0] No extension found for method RespondActivityTaskCompletedById
[temporalio-common 0.1.0] cargo:warning=Processing method: temporal.api.workflowservice.v1.WorkflowService.RespondActivityTaskFailed with input type: temporal.api.workflowservice.v1.RespondActivityTaskFailedRequest
[temporalio-common 0.1.0] cargo:warning=Method RespondActivityTaskFailed has options. Let's debug the raw options data.
[temporalio-common 0.1.0] cargo:warning=Options bytes length: 0
[temporalio-common 0.1.0] cargo:warning=First 50 bytes as hex: 
[temporalio-common 0.1.0] No extension found for method RespondActivityTaskFailed
[temporalio-common 0.1.0] cargo:warning=Processing method: temporal.api.workflowservice.v1.WorkflowService.RespondActivityTaskFailedById with input type: temporal.api.workflowservice.v1.RespondActivityTaskFailedByIdRequest
[temporalio-common 0.1.0] cargo:warning=Method RespondActivityTaskFailedById has options. Let's debug the raw options data.
[temporalio-common 0.1.0] cargo:warning=Options bytes length: 0
[temporalio-common 0.1.0] cargo:warning=First 50 bytes as hex: 
[temporalio-common 0.1.0] No extension found for method RespondActivityTaskFailedById
[temporalio-common 0.1.0] cargo:warning=Processing method: temporal.api.workflowservice.v1.WorkflowService.RespondActivityTaskCanceled with input type: temporal.api.workflowservice.v1.RespondActivityTaskCanceledRequest
[temporalio-common 0.1.0] cargo:warning=Method RespondActivityTaskCanceled has options. Let's debug the raw options data.
[temporalio-common 0.1.0] cargo:warning=Options bytes length: 0
[temporalio-common 0.1.0] cargo:warning=First 50 bytes as hex: 
[temporalio-common 0.1.0] No extension found for method RespondActivityTaskCanceled
[temporalio-common 0.1.0] cargo:warning=Processing method: temporal.api.workflowservice.v1.WorkflowService.RespondActivityTaskCanceledById with input type: temporal.api.workflowservice.v1.RespondActivityTaskCanceledByIdRequest
[temporalio-common 0.1.0] cargo:warning=Method RespondActivityTaskCanceledById has options. Let's debug the raw options data.
[temporalio-common 0.1.0] cargo:warning=Options bytes length: 0
[temporalio-common 0.1.0] cargo:warning=First 50 bytes as hex: 
[temporalio-common 0.1.0] No extension found for method RespondActivityTaskCanceledById
[temporalio-common 0.1.0] cargo:warning=Processing method: temporal.api.workflowservice.v1.WorkflowService.RequestCancelWorkflowExecution with input type: temporal.api.workflowservice.v1.RequestCancelWorkflowExecutionRequest
[temporalio-common 0.1.0] cargo:warning=Method RequestCancelWorkflowExecution has options. Let's debug the raw options data.
[temporalio-common 0.1.0] cargo:warning=Options bytes length: 0
[temporalio-common 0.1.0] cargo:warning=First 50 bytes as hex: 
[temporalio-common 0.1.0] No extension found for method RequestCancelWorkflowExecution
[temporalio-common 0.1.0] cargo:warning=Processing method: temporal.api.workflowservice.v1.WorkflowService.SignalWorkflowExecution with input type: temporal.api.workflowservice.v1.SignalWorkflowExecutionRequest
[temporalio-common 0.1.0] cargo:warning=Method SignalWorkflowExecution has options. Let's debug the raw options data.
[temporalio-common 0.1.0] cargo:warning=Options bytes length: 0
[temporalio-common 0.1.0] cargo:warning=First 50 bytes as hex: 
[temporalio-common 0.1.0] No extension found for method SignalWorkflowExecution
[temporalio-common 0.1.0] cargo:warning=Processing method: temporal.api.workflowservice.v1.WorkflowService.SignalWithStartWorkflowExecution with input type: temporal.api.workflowservice.v1.SignalWithStartWorkflowExecutionRequest
[temporalio-common 0.1.0] cargo:warning=Method SignalWithStartWorkflowExecution has options. Let's debug the raw options data.
[temporalio-common 0.1.0] cargo:warning=Options bytes length: 0
[temporalio-common 0.1.0] cargo:warning=First 50 bytes as hex: 
[temporalio-common 0.1.0] No extension found for method SignalWithStartWorkflowExecution
[temporalio-common 0.1.0] cargo:warning=Processing method: temporal.api.workflowservice.v1.WorkflowService.ResetWorkflowExecution with input type: temporal.api.workflowservice.v1.ResetWorkflowExecutionRequest
[temporalio-common 0.1.0] cargo:warning=Method ResetWorkflowExecution has options. Let's debug the raw options data.
[temporalio-common 0.1.0] cargo:warning=Options bytes length: 0
[temporalio-common 0.1.0] cargo:warning=First 50 bytes as hex: 
[temporalio-common 0.1.0] No extension found for method ResetWorkflowExecution
[temporalio-common 0.1.0] cargo:warning=Processing method: temporal.api.workflowservice.v1.WorkflowService.TerminateWorkflowExecution with input type: temporal.api.workflowservice.v1.TerminateWorkflowExecutionRequest
[temporalio-common 0.1.0] cargo:warning=Method TerminateWorkflowExecution has options. Let's debug the raw options data.
[temporalio-common 0.1.0] cargo:warning=Options bytes length: 0
[temporalio-common 0.1.0] cargo:warning=First 50 bytes as hex: 
[temporalio-common 0.1.0] No extension found for method TerminateWorkflowExecution
[temporalio-common 0.1.0] cargo:warning=Processing method: temporal.api.workflowservice.v1.WorkflowService.DeleteWorkflowExecution with input type: temporal.api.workflowservice.v1.DeleteWorkflowExecutionRequest
[temporalio-common 0.1.0] cargo:warning=Method DeleteWorkflowExecution has options. Let's debug the raw options data.
[temporalio-common 0.1.0] cargo:warning=Options bytes length: 0
[temporalio-common 0.1.0] cargo:warning=First 50 bytes as hex: 
[temporalio-common 0.1.0] No extension found for method DeleteWorkflowExecution
[temporalio-common 0.1.0] cargo:warning=Processing method: temporal.api.workflowservice.v1.WorkflowService.ListOpenWorkflowExecutions with input type: temporal.api.workflowservice.v1.ListOpenWorkflowExecutionsRequest
[temporalio-common 0.1.0] cargo:warning=Method ListOpenWorkflowExecutions has options. Let's debug the raw options data.
[temporalio-common 0.1.0] cargo:warning=Options bytes length: 0
[temporalio-common 0.1.0] cargo:warning=First 50 bytes as hex: 
[temporalio-common 0.1.0] No extension found for method ListOpenWorkflowExecutions
[temporalio-common 0.1.0] cargo:warning=Processing method: temporal.api.workflowservice.v1.WorkflowService.ListClosedWorkflowExecutions with input type: temporal.api.workflowservice.v1.ListClosedWorkflowExecutionsRequest
[temporalio-common 0.1.0] cargo:warning=Method ListClosedWorkflowExecutions has options. Let's debug the raw options data.
[temporalio-common 0.1.0] cargo:warning=Options bytes length: 0
[temporalio-common 0.1.0] cargo:warning=First 50 bytes as hex: 
[temporalio-common 0.1.0] No extension found for method ListClosedWorkflowExecutions
[temporalio-common 0.1.0] cargo:warning=Processing method: temporal.api.workflowservice.v1.WorkflowService.ListWorkflowExecutions with input type: temporal.api.workflowservice.v1.ListWorkflowExecutionsRequest
[temporalio-common 0.1.0] cargo:warning=Method ListWorkflowExecutions has options. Let's debug the raw options data.
[temporalio-common 0.1.0] cargo:warning=Options bytes length: 0
[temporalio-common 0.1.0] cargo:warning=First 50 bytes as hex: 
[temporalio-common 0.1.0] No extension found for method ListWorkflowExecutions
[temporalio-common 0.1.0] cargo:warning=Processing method: temporal.api.workflowservice.v1.WorkflowService.ListArchivedWorkflowExecutions with input type: temporal.api.workflowservice.v1.ListArchivedWorkflowExecutionsRequest
[temporalio-common 0.1.0] cargo:warning=Method ListArchivedWorkflowExecutions has options. Let's debug the raw options data.
[temporalio-common 0.1.0] cargo:warning=Options bytes length: 0
[temporalio-common 0.1.0] cargo:warning=First 50 bytes as hex: 
[temporalio-common 0.1.0] No extension found for method ListArchivedWorkflowExecutions
[temporalio-common 0.1.0] cargo:warning=Processing method: temporal.api.workflowservice.v1.WorkflowService.ScanWorkflowExecutions with input type: temporal.api.workflowservice.v1.ScanWorkflowExecutionsRequest
[temporalio-common 0.1.0] cargo:warning=Method ScanWorkflowExecutions has options. Let's debug the raw options data.
[temporalio-common 0.1.0] cargo:warning=Options bytes length: 0
[temporalio-common 0.1.0] cargo:warning=First 50 bytes as hex: 
[temporalio-common 0.1.0] No extension found for method ScanWorkflowExecutions
[temporalio-common 0.1.0] cargo:warning=Processing method: temporal.api.workflowservice.v1.WorkflowService.CountWorkflowExecutions with input type: temporal.api.workflowservice.v1.CountWorkflowExecutionsRequest
[temporalio-common 0.1.0] cargo:warning=Method CountWorkflowExecutions has options. Let's debug the raw options data.
[temporalio-common 0.1.0] cargo:warning=Options bytes length: 0
[temporalio-common 0.1.0] cargo:warning=First 50 bytes as hex: 
[temporalio-common 0.1.0] No extension found for method CountWorkflowExecutions
[temporalio-common 0.1.0] cargo:warning=Processing method: temporal.api.workflowservice.v1.WorkflowService.GetSearchAttributes with input type: temporal.api.workflowservice.v1.GetSearchAttributesRequest
[temporalio-common 0.1.0] cargo:warning=Method GetSearchAttributes has options. Let's debug the raw options data.
[temporalio-common 0.1.0] cargo:warning=Options bytes length: 0
[temporalio-common 0.1.0] cargo:warning=First 50 bytes as hex: 
[temporalio-common 0.1.0] No extension found for method GetSearchAttributes
[temporalio-common 0.1.0] cargo:warning=Processing method: temporal.api.workflowservice.v1.WorkflowService.RespondQueryTaskCompleted with input type: temporal.api.workflowservice.v1.RespondQueryTaskCompletedRequest
[temporalio-common 0.1.0] cargo:warning=Method RespondQueryTaskCompleted has options. Let's debug the raw options data.
[temporalio-common 0.1.0] cargo:warning=Options bytes length: 0
[temporalio-common 0.1.0] cargo:warning=First 50 bytes as hex: 
[temporalio-common 0.1.0] No extension found for method RespondQueryTaskCompleted
[temporalio-common 0.1.0] cargo:warning=Processing method: temporal.api.workflowservice.v1.WorkflowService.ResetStickyTaskQueue with input type: temporal.api.workflowservice.v1.ResetStickyTaskQueueRequest
[temporalio-common 0.1.0] cargo:warning=Method ResetStickyTaskQueue has options. Let's debug the raw options data.
[temporalio-common 0.1.0] cargo:warning=Options bytes length: 0
[temporalio-common 0.1.0] cargo:warning=First 50 bytes as hex: 
[temporalio-common 0.1.0] No extension found for method ResetStickyTaskQueue
[temporalio-common 0.1.0] cargo:warning=Processing method: temporal.api.workflowservice.v1.WorkflowService.ShutdownWorker with input type: temporal.api.workflowservice.v1.ShutdownWorkerRequest
[temporalio-common 0.1.0] cargo:warning=Method ShutdownWorker has options. Let's debug the raw options data.
[temporalio-common 0.1.0] cargo:warning=Options bytes length: 0
[temporalio-common 0.1.0] cargo:warning=First 50 bytes as hex: 
[temporalio-common 0.1.0] No extension found for method ShutdownWorker
[temporalio-common 0.1.0] cargo:warning=Processing method: temporal.api.workflowservice.v1.WorkflowService.QueryWorkflow with input type: temporal.api.workflowservice.v1.QueryWorkflowRequest
[temporalio-common 0.1.0] cargo:warning=Method QueryWorkflow has options. Let's debug the raw options data.
[temporalio-common 0.1.0] cargo:warning=Options bytes length: 0
[temporalio-common 0.1.0] cargo:warning=First 50 bytes as hex: 
[temporalio-common 0.1.0] No extension found for method QueryWorkflow
[temporalio-common 0.1.0] cargo:warning=Processing method: temporal.api.workflowservice.v1.WorkflowService.DescribeWorkflowExecution with input type: temporal.api.workflowservice.v1.DescribeWorkflowExecutionRequest
[temporalio-common 0.1.0] cargo:warning=Method DescribeWorkflowExecution has options. Let's debug the raw options data.
[temporalio-common 0.1.0] cargo:warning=Options bytes length: 0
[temporalio-common 0.1.0] cargo:warning=First 50 bytes as hex: 
[temporalio-common 0.1.0] No extension found for method DescribeWorkflowExecution
[temporalio-common 0.1.0] cargo:warning=Processing method: temporal.api.workflowservice.v1.WorkflowService.DescribeTaskQueue with input type: temporal.api.workflowservice.v1.DescribeTaskQueueRequest
[temporalio-common 0.1.0] cargo:warning=Method DescribeTaskQueue has options. Let's debug the raw options data.
[temporalio-common 0.1.0] cargo:warning=Options bytes length: 0
[temporalio-common 0.1.0] cargo:warning=First 50 bytes as hex: 
[temporalio-common 0.1.0] No extension found for method DescribeTaskQueue
[temporalio-common 0.1.0] cargo:warning=Processing method: temporal.api.workflowservice.v1.WorkflowService.GetClusterInfo with input type: temporal.api.workflowservice.v1.GetClusterInfoRequest
[temporalio-common 0.1.0] cargo:warning=Method GetClusterInfo has options. Let's debug the raw options data.
[temporalio-common 0.1.0] cargo:warning=Options bytes length: 0
[temporalio-common 0.1.0] cargo:warning=First 50 bytes as hex: 
[temporalio-common 0.1.0] No extension found for method GetClusterInfo
[temporalio-common 0.1.0] cargo:warning=Processing method: temporal.api.workflowservice.v1.WorkflowService.GetSystemInfo with input type: temporal.api.workflowservice.v1.GetSystemInfoRequest
[temporalio-common 0.1.0] cargo:warning=Method GetSystemInfo has options. Let's debug the raw options data.
[temporalio-common 0.1.0] cargo:warning=Options bytes length: 0
[temporalio-common 0.1.0] cargo:warning=First 50 bytes as hex: 
[temporalio-common 0.1.0] No extension found for method GetSystemInfo
[temporalio-common 0.1.0] cargo:warning=Processing method: temporal.api.workflowservice.v1.WorkflowService.ListTaskQueuePartitions with input type: temporal.api.workflowservice.v1.ListTaskQueuePartitionsRequest
[temporalio-common 0.1.0] cargo:warning=Method ListTaskQueuePartitions has options. Let's debug the raw options data.
[temporalio-common 0.1.0] cargo:warning=Options bytes length: 0
[temporalio-common 0.1.0] cargo:warning=First 50 bytes as hex: 
[temporalio-common 0.1.0] No extension found for method ListTaskQueuePartitions
[temporalio-common 0.1.0] cargo:warning=Processing method: temporal.api.workflowservice.v1.WorkflowService.CreateSchedule with input type: temporal.api.workflowservice.v1.CreateScheduleRequest
[temporalio-common 0.1.0] cargo:warning=Method CreateSchedule has options. Let's debug the raw options data.
[temporalio-common 0.1.0] cargo:warning=Options bytes length: 0
[temporalio-common 0.1.0] cargo:warning=First 50 bytes as hex: 
[temporalio-common 0.1.0] No extension found for method CreateSchedule
[temporalio-common 0.1.0] cargo:warning=Processing method: temporal.api.workflowservice.v1.WorkflowService.DescribeSchedule with input type: temporal.api.workflowservice.v1.DescribeScheduleRequest
[temporalio-common 0.1.0] cargo:warning=Method DescribeSchedule has options. Let's debug the raw options data.
[temporalio-common 0.1.0] cargo:warning=Options bytes length: 0
[temporalio-common 0.1.0] cargo:warning=First 50 bytes as hex: 
[temporalio-common 0.1.0] No extension found for method DescribeSchedule
[temporalio-common 0.1.0] cargo:warning=Processing method: temporal.api.workflowservice.v1.WorkflowService.UpdateSchedule with input type: temporal.api.workflowservice.v1.UpdateScheduleRequest
[temporalio-common 0.1.0] cargo:warning=Method UpdateSchedule has options. Let's debug the raw options data.
[temporalio-common 0.1.0] cargo:warning=Options bytes length: 0
[temporalio-common 0.1.0] cargo:warning=First 50 bytes as hex: 
[temporalio-common 0.1.0] No extension found for method UpdateSchedule
[temporalio-common 0.1.0] cargo:warning=Processing method: temporal.api.workflowservice.v1.WorkflowService.PatchSchedule with input type: temporal.api.workflowservice.v1.PatchScheduleRequest
[temporalio-common 0.1.0] cargo:warning=Method PatchSchedule has options. Let's debug the raw options data.
[temporalio-common 0.1.0] cargo:warning=Options bytes length: 0
[temporalio-common 0.1.0] cargo:warning=First 50 bytes as hex: 
[temporalio-common 0.1.0] No extension found for method PatchSchedule
[temporalio-common 0.1.0] cargo:warning=Processing method: temporal.api.workflowservice.v1.WorkflowService.ListScheduleMatchingTimes with input type: temporal.api.workflowservice.v1.ListScheduleMatchingTimesRequest
[temporalio-common 0.1.0] cargo:warning=Method ListScheduleMatchingTimes has options. Let's debug the raw options data.
[temporalio-common 0.1.0] cargo:warning=Options bytes length: 0
[temporalio-common 0.1.0] cargo:warning=First 50 bytes as hex: 
[temporalio-common 0.1.0] No extension found for method ListScheduleMatchingTimes
[temporalio-common 0.1.0] cargo:warning=Processing method: temporal.api.workflowservice.v1.WorkflowService.DeleteSchedule with input type: temporal.api.workflowservice.v1.DeleteScheduleRequest
[temporalio-common 0.1.0] cargo:warning=Method DeleteSchedule has options. Let's debug the raw options data.
[temporalio-common 0.1.0] cargo:warning=Options bytes length: 0
[temporalio-common 0.1.0] cargo:warning=First 50 bytes as hex: 
[temporalio-common 0.1.0] No extension found for method DeleteSchedule
[temporalio-common 0.1.0] cargo:warning=Processing method: temporal.api.workflowservice.v1.WorkflowService.ListSchedules with input type: temporal.api.workflowservice.v1.ListSchedulesRequest
[temporalio-common 0.1.0] cargo:warning=Method ListSchedules has options. Let's debug the raw options data.
[temporalio-common 0.1.0] cargo:warning=Options bytes length: 0
[temporalio-common 0.1.0] cargo:warning=First 50 bytes as hex: 
[temporalio-common 0.1.0] No extension found for method ListSchedules
[temporalio-common 0.1.0] cargo:warning=Processing method: temporal.api.workflowservice.v1.WorkflowService.CountSchedules with input type: temporal.api.workflowservice.v1.CountSchedulesRequest
[temporalio-common 0.1.0] cargo:warning=Method CountSchedules has options. Let's debug the raw options data.
[temporalio-common 0.1.0] cargo:warning=Options bytes length: 0
[temporalio-common 0.1.0] cargo:warning=First 50 bytes as hex: 
[temporalio-common 0.1.0] No extension found for method CountSchedules
[temporalio-common 0.1.0] cargo:warning=Processing method: temporal.api.workflowservice.v1.WorkflowService.UpdateWorkerBuildIdCompatibility with input type: temporal.api.workflowservice.v1.UpdateWorkerBuildIdCompatibilityRequest
[temporalio-common 0.1.0] cargo:warning=Method UpdateWorkerBuildIdCompatibility has options. Let's debug the raw options data.
[temporalio-common 0.1.0] cargo:warning=Options bytes length: 0
[temporalio-common 0.1.0] cargo:warning=First 50 bytes as hex: 
[temporalio-common 0.1.0] No extension found for method UpdateWorkerBuildIdCompatibility
[temporalio-common 0.1.0] cargo:warning=Processing method: temporal.api.workflowservice.v1.WorkflowService.GetWorkerBuildIdCompatibility with input type: temporal.api.workflowservice.v1.GetWorkerBuildIdCompatibilityRequest
[temporalio-common 0.1.0] cargo:warning=Method GetWorkerBuildIdCompatibility has options. Let's debug the raw options data.
[temporalio-common 0.1.0] cargo:warning=Options bytes length: 0
[temporalio-common 0.1.0] cargo:warning=First 50 bytes as hex: 
[temporalio-common 0.1.0] No extension found for method GetWorkerBuildIdCompatibility
[temporalio-common 0.1.0] cargo:warning=Processing method: temporal.api.workflowservice.v1.WorkflowService.UpdateWorkerVersioningRules with input type: temporal.api.workflowservice.v1.UpdateWorkerVersioningRulesRequest
[temporalio-common 0.1.0] cargo:warning=Method UpdateWorkerVersioningRules has options. Let's debug the raw options data.
[temporalio-common 0.1.0] cargo:warning=Options bytes length: 0
[temporalio-common 0.1.0] cargo:warning=First 50 bytes as hex: 
[temporalio-common 0.1.0] No extension found for method UpdateWorkerVersioningRules
[temporalio-common 0.1.0] cargo:warning=Processing method: temporal.api.workflowservice.v1.WorkflowService.GetWorkerVersioningRules with input type: temporal.api.workflowservice.v1.GetWorkerVersioningRulesRequest
[temporalio-common 0.1.0] cargo:warning=Method GetWorkerVersioningRules has options. Let's debug the raw options data.
[temporalio-common 0.1.0] cargo:warning=Options bytes length: 0
[temporalio-common 0.1.0] cargo:warning=First 50 bytes as hex: 
[temporalio-common 0.1.0] No extension found for method GetWorkerVersioningRules
[temporalio-common 0.1.0] cargo:warning=Processing method: temporal.api.workflowservice.v1.WorkflowService.GetWorkerTaskReachability with input type: temporal.api.workflowservice.v1.GetWorkerTaskReachabilityRequest
[temporalio-common 0.1.0] cargo:warning=Method GetWorkerTaskReachability has options. Let's debug the raw options data.
[temporalio-common 0.1.0] cargo:warning=Options bytes length: 0
[temporalio-common 0.1.0] cargo:warning=First 50 bytes as hex: 
[temporalio-common 0.1.0] No extension found for method GetWorkerTaskReachability
[temporalio-common 0.1.0] cargo:warning=Processing method: temporal.api.workflowservice.v1.WorkflowService.DescribeDeployment with input type: temporal.api.workflowservice.v1.DescribeDeploymentRequest
[temporalio-common 0.1.0] cargo:warning=Method DescribeDeployment has options. Let's debug the raw options data.
[temporalio-common 0.1.0] cargo:warning=Options bytes length: 0
[temporalio-common 0.1.0] cargo:warning=First 50 bytes as hex: 
[temporalio-common 0.1.0] No extension found for method DescribeDeployment
[temporalio-common 0.1.0] cargo:warning=Processing method: temporal.api.workflowservice.v1.WorkflowService.DescribeWorkerDeploymentVersion with input type: temporal.api.workflowservice.v1.DescribeWorkerDeploymentVersionRequest
[temporalio-common 0.1.0] cargo:warning=Method DescribeWorkerDeploymentVersion has options. Let's debug the raw options data.
[temporalio-common 0.1.0] cargo:warning=Options bytes length: 0
[temporalio-common 0.1.0] cargo:warning=First 50 bytes as hex: 
[temporalio-common 0.1.0] No extension found for method DescribeWorkerDeploymentVersion
[temporalio-common 0.1.0] cargo:warning=Processing method: temporal.api.workflowservice.v1.WorkflowService.ListDeployments with input type: temporal.api.workflowservice.v1.ListDeploymentsRequest
[temporalio-common 0.1.0] cargo:warning=Method ListDeployments has options. Let's debug the raw options data.
[temporalio-common 0.1.0] cargo:warning=Options bytes length: 0
[temporalio-common 0.1.0] cargo:warning=First 50 bytes as hex: 
[temporalio-common 0.1.0] No extension found for method ListDeployments
[temporalio-common 0.1.0] cargo:warning=Processing method: temporal.api.workflowservice.v1.WorkflowService.GetDeploymentReachability with input type: temporal.api.workflowservice.v1.GetDeploymentReachabilityRequest
[temporalio-common 0.1.0] cargo:warning=Method GetDeploymentReachability has options. Let's debug the raw options data.
[temporalio-common 0.1.0] cargo:warning=Options bytes length: 0
[temporalio-common 0.1.0] cargo:warning=First 50 bytes as hex: 
[temporalio-common 0.1.0] No extension found for method GetDeploymentReachability
[temporalio-common 0.1.0] cargo:warning=Processing method: temporal.api.workflowservice.v1.WorkflowService.GetCurrentDeployment with input type: temporal.api.workflowservice.v1.GetCurrentDeploymentRequest
[temporalio-common 0.1.0] cargo:warning=Method GetCurrentDeployment has options. Let's debug the raw options data.
[temporalio-common 0.1.0] cargo:warning=Options bytes length: 0
[temporalio-common 0.1.0] cargo:warning=First 50 bytes as hex: 
[temporalio-common 0.1.0] No extension found for method GetCurrentDeployment
[temporalio-common 0.1.0] cargo:warning=Processing method: temporal.api.workflowservice.v1.WorkflowService.SetCurrentDeployment with input type: temporal.api.workflowservice.v1.SetCurrentDeploymentRequest
[temporalio-common 0.1.0] cargo:warning=Method SetCurrentDeployment has options. Let's debug the raw options data.
[temporalio-common 0.1.0] cargo:warning=Options bytes length: 0
[temporalio-common 0.1.0] cargo:warning=First 50 bytes as hex: 
[temporalio-common 0.1.0] No extension found for method SetCurrentDeployment
[temporalio-common 0.1.0] cargo:warning=Processing method: temporal.api.workflowservice.v1.WorkflowService.SetWorkerDeploymentCurrentVersion with input type: temporal.api.workflowservice.v1.SetWorkerDeploymentCurrentVersionRequest
[temporalio-common 0.1.0] cargo:warning=Method SetWorkerDeploymentCurrentVersion has options. Let's debug the raw options data.
[temporalio-common 0.1.0] cargo:warning=Options bytes length: 0
[temporalio-common 0.1.0] cargo:warning=First 50 bytes as hex: 
[temporalio-common 0.1.0] No extension found for method SetWorkerDeploymentCurrentVersion
[temporalio-common 0.1.0] cargo:warning=Processing method: temporal.api.workflowservice.v1.WorkflowService.DescribeWorkerDeployment with input type: temporal.api.workflowservice.v1.DescribeWorkerDeploymentRequest
[temporalio-common 0.1.0] cargo:warning=Method DescribeWorkerDeployment has options. Let's debug the raw options data.
[temporalio-common 0.1.0] cargo:warning=Options bytes length: 0
[temporalio-common 0.1.0] cargo:warning=First 50 bytes as hex: 
[temporalio-common 0.1.0] No extension found for method DescribeWorkerDeployment
[temporalio-common 0.1.0] cargo:warning=Processing method: temporal.api.workflowservice.v1.WorkflowService.DeleteWorkerDeployment with input type: temporal.api.workflowservice.v1.DeleteWorkerDeploymentRequest
[temporalio-common 0.1.0] cargo:warning=Method DeleteWorkerDeployment has options. Let's debug the raw options data.
[temporalio-common 0.1.0] cargo:warning=Options bytes length: 0
[temporalio-common 0.1.0] cargo:warning=First 50 bytes as hex: 
[temporalio-common 0.1.0] No extension found for method DeleteWorkerDeployment
[temporalio-common 0.1.0] cargo:warning=Processing method: temporal.api.workflowservice.v1.WorkflowService.DeleteWorkerDeploymentVersion with input type: temporal.api.workflowservice.v1.DeleteWorkerDeploymentVersionRequest
[temporalio-common 0.1.0] cargo:warning=Method DeleteWorkerDeploymentVersion has options. Let's debug the raw options data.
[temporalio-common 0.1.0] cargo:warning=Options bytes length: 0
[temporalio-common 0.1.0] cargo:warning=First 50 bytes as hex: 
[temporalio-common 0.1.0] No extension found for method DeleteWorkerDeploymentVersion
[temporalio-common 0.1.0] cargo:warning=Processing method: temporal.api.workflowservice.v1.WorkflowService.SetWorkerDeploymentRampingVersion with input type: temporal.api.workflowservice.v1.SetWorkerDeploymentRampingVersionRequest
[temporalio-common 0.1.0] cargo:warning=Method SetWorkerDeploymentRampingVersion has options. Let's debug the raw options data.
[temporalio-common 0.1.0] cargo:warning=Options bytes length: 0
[temporalio-common 0.1.0] cargo:warning=First 50 bytes as hex: 
[temporalio-common 0.1.0] No extension found for method SetWorkerDeploymentRampingVersion
[temporalio-common 0.1.0] cargo:warning=Processing method: temporal.api.workflowservice.v1.WorkflowService.ListWorkerDeployments with input type: temporal.api.workflowservice.v1.ListWorkerDeploymentsRequest
[temporalio-common 0.1.0] cargo:warning=Method ListWorkerDeployments has options. Let's debug the raw options data.
[temporalio-common 0.1.0] cargo:warning=Options bytes length: 0
[temporalio-common 0.1.0] cargo:warning=First 50 bytes as hex: 
[temporalio-common 0.1.0] No extension found for method ListWorkerDeployments
[temporalio-common 0.1.0] cargo:warning=Processing method: temporal.api.workflowservice.v1.WorkflowService.UpdateWorkerDeploymentVersionMetadata with input type: temporal.api.workflowservice.v1.UpdateWorkerDeploymentVersionMetadataRequest
[temporalio-common 0.1.0] cargo:warning=Method UpdateWorkerDeploymentVersionMetadata has options. Let's debug the raw options data.
[temporalio-common 0.1.0] cargo:warning=Options bytes length: 0
[temporalio-common 0.1.0] cargo:warning=First 50 bytes as hex: 
[temporalio-common 0.1.0] No extension found for method UpdateWorkerDeploymentVersionMetadata
[temporalio-common 0.1.0] cargo:warning=Processing method: temporal.api.workflowservice.v1.WorkflowService.SetWorkerDeploymentManager with input type: temporal.api.workflowservice.v1.SetWorkerDeploymentManagerRequest
[temporalio-common 0.1.0] cargo:warning=Method SetWorkerDeploymentManager has options. Let's debug the raw options data.
[temporalio-common 0.1.0] cargo:warning=Options bytes length: 0
[temporalio-common 0.1.0] cargo:warning=First 50 bytes as hex: 
[temporalio-common 0.1.0] No extension found for method SetWorkerDeploymentManager
[temporalio-common 0.1.0] cargo:warning=Processing method: temporal.api.workflowservice.v1.WorkflowService.UpdateWorkflowExecution with input type: temporal.api.workflowservice.v1.UpdateWorkflowExecutionRequest
[temporalio-common 0.1.0] cargo:warning=Method UpdateWorkflowExecution has options. Let's debug the raw options data.
[temporalio-common 0.1.0] cargo:warning=Options bytes length: 0
[temporalio-common 0.1.0] cargo:warning=First 50 bytes as hex: 
[temporalio-common 0.1.0] No extension found for method UpdateWorkflowExecution
[temporalio-common 0.1.0] cargo:warning=Processing method: temporal.api.workflowservice.v1.WorkflowService.PollWorkflowExecutionUpdate with input type: temporal.api.workflowservice.v1.PollWorkflowExecutionUpdateRequest
[temporalio-common 0.1.0] cargo:warning=Method PollWorkflowExecutionUpdate has options. Let's debug the raw options data.
[temporalio-common 0.1.0] cargo:warning=Options bytes length: 0
[temporalio-common 0.1.0] cargo:warning=First 50 bytes as hex: 
[temporalio-common 0.1.0] No extension found for method PollWorkflowExecutionUpdate
[temporalio-common 0.1.0] cargo:warning=Processing method: temporal.api.workflowservice.v1.WorkflowService.StartBatchOperation with input type: temporal.api.workflowservice.v1.StartBatchOperationRequest
[temporalio-common 0.1.0] cargo:warning=Method StartBatchOperation has options. Let's debug the raw options data.
[temporalio-common 0.1.0] cargo:warning=Options bytes length: 0
[temporalio-common 0.1.0] cargo:warning=First 50 bytes as hex: 
[temporalio-common 0.1.0] No extension found for method StartBatchOperation
[temporalio-common 0.1.0] cargo:warning=Processing method: temporal.api.workflowservice.v1.WorkflowService.StopBatchOperation with input type: temporal.api.workflowservice.v1.StopBatchOperationRequest
[temporalio-common 0.1.0] cargo:warning=Method StopBatchOperation has options. Let's debug the raw options data.
[temporalio-common 0.1.0] cargo:warning=Options bytes length: 0
[temporalio-common 0.1.0] cargo:warning=First 50 bytes as hex: 
[temporalio-common 0.1.0] No extension found for method StopBatchOperation
[temporalio-common 0.1.0] cargo:warning=Processing method: temporal.api.workflowservice.v1.WorkflowService.DescribeBatchOperation with input type: temporal.api.workflowservice.v1.DescribeBatchOperationRequest
[temporalio-common 0.1.0] cargo:warning=Method DescribeBatchOperation has options. Let's debug the raw options data.
[temporalio-common 0.1.0] cargo:warning=Options bytes length: 0
[temporalio-common 0.1.0] cargo:warning=First 50 bytes as hex: 
[temporalio-common 0.1.0] No extension found for method DescribeBatchOperation
[temporalio-common 0.1.0] cargo:warning=Processing method: temporal.api.workflowservice.v1.WorkflowService.ListBatchOperations with input type: temporal.api.workflowservice.v1.ListBatchOperationsRequest
[temporalio-common 0.1.0] cargo:warning=Method ListBatchOperations has options. Let's debug the raw options data.
[temporalio-common 0.1.0] cargo:warning=Options bytes length: 0
[temporalio-common 0.1.0] cargo:warning=First 50 bytes as hex: 
[temporalio-common 0.1.0] No extension found for method ListBatchOperations
[temporalio-common 0.1.0] cargo:warning=Processing method: temporal.api.workflowservice.v1.WorkflowService.PollNexusTaskQueue with input type: temporal.api.workflowservice.v1.PollNexusTaskQueueRequest
[temporalio-common 0.1.0] cargo:warning=Method PollNexusTaskQueue has options. Let's debug the raw options data.
[temporalio-common 0.1.0] cargo:warning=Options bytes length: 0
[temporalio-common 0.1.0] cargo:warning=First 50 bytes as hex: 
[temporalio-common 0.1.0] No extension found for method PollNexusTaskQueue
[temporalio-common 0.1.0] cargo:warning=Processing method: temporal.api.workflowservice.v1.WorkflowService.RespondNexusTaskCompleted with input type: temporal.api.workflowservice.v1.RespondNexusTaskCompletedRequest
[temporalio-common 0.1.0] cargo:warning=Method RespondNexusTaskCompleted has options. Let's debug the raw options data.
[temporalio-common 0.1.0] cargo:warning=Options bytes length: 0
[temporalio-common 0.1.0] cargo:warning=First 50 bytes as hex: 
[temporalio-common 0.1.0] No extension found for method RespondNexusTaskCompleted
[temporalio-common 0.1.0] cargo:warning=Processing method: temporal.api.workflowservice.v1.WorkflowService.RespondNexusTaskFailed with input type: temporal.api.workflowservice.v1.RespondNexusTaskFailedRequest
[temporalio-common 0.1.0] cargo:warning=Method RespondNexusTaskFailed has options. Let's debug the raw options data.
[temporalio-common 0.1.0] cargo:warning=Options bytes length: 0
[temporalio-common 0.1.0] cargo:warning=First 50 bytes as hex: 
[temporalio-common 0.1.0] No extension found for method RespondNexusTaskFailed
[temporalio-common 0.1.0] cargo:warning=Processing method: temporal.api.workflowservice.v1.WorkflowService.UpdateActivityOptions with input type: temporal.api.workflowservice.v1.UpdateActivityOptionsRequest
[temporalio-common 0.1.0] cargo:warning=Method UpdateActivityOptions has options. Let's debug the raw options data.
[temporalio-common 0.1.0] cargo:warning=Options bytes length: 0
[temporalio-common 0.1.0] cargo:warning=First 50 bytes as hex: 
[temporalio-common 0.1.0] No extension found for method UpdateActivityOptions
[temporalio-common 0.1.0] cargo:warning=Processing method: temporal.api.workflowservice.v1.WorkflowService.UpdateWorkflowExecutionOptions with input type: temporal.api.workflowservice.v1.UpdateWorkflowExecutionOptionsRequest
[temporalio-common 0.1.0] cargo:warning=Method UpdateWorkflowExecutionOptions has options. Let's debug the raw options data.
[temporalio-common 0.1.0] cargo:warning=Options bytes length: 0
[temporalio-common 0.1.0] cargo:warning=First 50 bytes as hex: 
[temporalio-common 0.1.0] No extension found for method UpdateWorkflowExecutionOptions
[temporalio-common 0.1.0] cargo:warning=Processing method: temporal.api.workflowservice.v1.WorkflowService.PauseActivity with input type: temporal.api.workflowservice.v1.PauseActivityRequest
[temporalio-common 0.1.0] cargo:warning=Method PauseActivity has options. Let's debug the raw options data.
[temporalio-common 0.1.0] cargo:warning=Options bytes length: 0
[temporalio-common 0.1.0] cargo:warning=First 50 bytes as hex: 
[temporalio-common 0.1.0] No extension found for method PauseActivity
[temporalio-common 0.1.0] cargo:warning=Processing method: temporal.api.workflowservice.v1.WorkflowService.UnpauseActivity with input type: temporal.api.workflowservice.v1.UnpauseActivityRequest
[temporalio-common 0.1.0] cargo:warning=Method UnpauseActivity has options. Let's debug the raw options data.
[temporalio-common 0.1.0] cargo:warning=Options bytes length: 0
[temporalio-common 0.1.0] cargo:warning=First 50 bytes as hex: 
[temporalio-common 0.1.0] No extension found for method UnpauseActivity
[temporalio-common 0.1.0] cargo:warning=Processing method: temporal.api.workflowservice.v1.WorkflowService.ResetActivity with input type: temporal.api.workflowservice.v1.ResetActivityRequest
[temporalio-common 0.1.0] cargo:warning=Method ResetActivity has options. Let's debug the raw options data.
[temporalio-common 0.1.0] cargo:warning=Options bytes length: 0
[temporalio-common 0.1.0] cargo:warning=First 50 bytes as hex: 
[temporalio-common 0.1.0] No extension found for method ResetActivity
[temporalio-common 0.1.0] cargo:warning=Processing method: temporal.api.workflowservice.v1.WorkflowService.CreateWorkflowRule with input type: temporal.api.workflowservice.v1.CreateWorkflowRuleRequest
[temporalio-common 0.1.0] cargo:warning=Method CreateWorkflowRule has options. Let's debug the raw options data.
[temporalio-common 0.1.0] cargo:warning=Options bytes length: 0
[temporalio-common 0.1.0] cargo:warning=First 50 bytes as hex: 
[temporalio-common 0.1.0] No extension found for method CreateWorkflowRule
[temporalio-common 0.1.0] cargo:warning=Processing method: temporal.api.workflowservice.v1.WorkflowService.DescribeWorkflowRule with input type: temporal.api.workflowservice.v1.DescribeWorkflowRuleRequest
[temporalio-common 0.1.0] cargo:warning=Method DescribeWorkflowRule has options. Let's debug the raw options data.
[temporalio-common 0.1.0] cargo:warning=Options bytes length: 0
[temporalio-common 0.1.0] cargo:warning=First 50 bytes as hex: 
[temporalio-common 0.1.0] No extension found for method DescribeWorkflowRule
[temporalio-common 0.1.0] cargo:warning=Processing method: temporal.api.workflowservice.v1.WorkflowService.DeleteWorkflowRule with input type: temporal.api.workflowservice.v1.DeleteWorkflowRuleRequest
[temporalio-common 0.1.0] cargo:warning=Method DeleteWorkflowRule has options. Let's debug the raw options data.
[temporalio-common 0.1.0] cargo:warning=Options bytes length: 0
[temporalio-common 0.1.0] cargo:warning=First 50 bytes as hex: 
[temporalio-common 0.1.0] No extension found for method DeleteWorkflowRule
[temporalio-common 0.1.0] cargo:warning=Processing method: temporal.api.workflowservice.v1.WorkflowService.ListWorkflowRules with input type: temporal.api.workflowservice.v1.ListWorkflowRulesRequest
[temporalio-common 0.1.0] cargo:warning=Method ListWorkflowRules has options. Let's debug the raw options data.
[temporalio-common 0.1.0] cargo:warning=Options bytes length: 0
[temporalio-common 0.1.0] cargo:warning=First 50 bytes as hex: 
[temporalio-common 0.1.0] No extension found for method ListWorkflowRules
[temporalio-common 0.1.0] cargo:warning=Processing method: temporal.api.workflowservice.v1.WorkflowService.TriggerWorkflowRule with input type: temporal.api.workflowservice.v1.TriggerWorkflowRuleRequest
[temporalio-common 0.1.0] cargo:warning=Method TriggerWorkflowRule has options. Let's debug the raw options data.
[temporalio-common 0.1.0] cargo:warning=Options bytes length: 0
[temporalio-common 0.1.0] cargo:warning=First 50 bytes as hex: 
[temporalio-common 0.1.0] No extension found for method TriggerWorkflowRule
[temporalio-common 0.1.0] cargo:warning=Processing method: temporal.api.workflowservice.v1.WorkflowService.RecordWorkerHeartbeat with input type: temporal.api.workflowservice.v1.RecordWorkerHeartbeatRequest
[temporalio-common 0.1.0] cargo:warning=Method RecordWorkerHeartbeat has options. Let's debug the raw options data.
[temporalio-common 0.1.0] cargo:warning=Options bytes length: 0
[temporalio-common 0.1.0] cargo:warning=First 50 bytes as hex: 
[temporalio-common 0.1.0] No extension found for method RecordWorkerHeartbeat
[temporalio-common 0.1.0] cargo:warning=Processing method: temporal.api.workflowservice.v1.WorkflowService.ListWorkers with input type: temporal.api.workflowservice.v1.ListWorkersRequest
[temporalio-common 0.1.0] cargo:warning=Method ListWorkers has options. Let's debug the raw options data.
[temporalio-common 0.1.0] cargo:warning=Options bytes length: 0
[temporalio-common 0.1.0] cargo:warning=First 50 bytes as hex: 
[temporalio-common 0.1.0] No extension found for method ListWorkers
[temporalio-common 0.1.0] cargo:warning=Processing method: temporal.api.workflowservice.v1.WorkflowService.UpdateTaskQueueConfig with input type: temporal.api.workflowservice.v1.UpdateTaskQueueConfigRequest
[temporalio-common 0.1.0] cargo:warning=Method UpdateTaskQueueConfig has options. Let's debug the raw options data.
[temporalio-common 0.1.0] cargo:warning=Options bytes length: 0
[temporalio-common 0.1.0] cargo:warning=First 50 bytes as hex: 
[temporalio-common 0.1.0] No extension found for method UpdateTaskQueueConfig
[temporalio-common 0.1.0] cargo:warning=Processing method: temporal.api.workflowservice.v1.WorkflowService.FetchWorkerConfig with input type: temporal.api.workflowservice.v1.FetchWorkerConfigRequest
[temporalio-common 0.1.0] cargo:warning=Method FetchWorkerConfig has options. Let's debug the raw options data.
[temporalio-common 0.1.0] cargo:warning=Options bytes length: 0
[temporalio-common 0.1.0] cargo:warning=First 50 bytes as hex: 
[temporalio-common 0.1.0] No extension found for method FetchWorkerConfig
[temporalio-common 0.1.0] cargo:warning=Processing method: temporal.api.workflowservice.v1.WorkflowService.UpdateWorkerConfig with input type: temporal.api.workflowservice.v1.UpdateWorkerConfigRequest
[temporalio-common 0.1.0] cargo:warning=Method UpdateWorkerConfig has options. Let's debug the raw options data.
[temporalio-common 0.1.0] cargo:warning=Options bytes length: 0
[temporalio-common 0.1.0] cargo:warning=First 50 bytes as hex: 
[temporalio-common 0.1.0] No extension found for method UpdateWorkerConfig
[temporalio-common 0.1.0] cargo:warning=Processing method: temporal.api.workflowservice.v1.WorkflowService.DescribeWorker with input type: temporal.api.workflowservice.v1.DescribeWorkerRequest
[temporalio-common 0.1.0] cargo:warning=Method DescribeWorker has options. Let's debug the raw options data.
[temporalio-common 0.1.0] cargo:warning=Options bytes length: 0
[temporalio-common 0.1.0] cargo:warning=First 50 bytes as hex: 
[temporalio-common 0.1.0] No extension found for method DescribeWorker
[temporalio-common 0.1.0] cargo:warning=Processing method: temporal.api.workflowservice.v1.WorkflowService.PauseWorkflowExecution with input type: temporal.api.workflowservice.v1.PauseWorkflowExecutionRequest
[temporalio-common 0.1.0] cargo:warning=Method PauseWorkflowExecution has options. Let's debug the raw options data.
[temporalio-common 0.1.0] cargo:warning=Options bytes length: 0
[temporalio-common 0.1.0] cargo:warning=First 50 bytes as hex: 
[temporalio-common 0.1.0] No extension found for method PauseWorkflowExecution
[temporalio-common 0.1.0] cargo:warning=Processing method: temporal.api.workflowservice.v1.WorkflowService.UnpauseWorkflowExecution with input type: temporal.api.workflowservice.v1.UnpauseWorkflowExecutionRequest
[temporalio-common 0.1.0] cargo:warning=Method UnpauseWorkflowExecution has options. Let's debug the raw options data.
[temporalio-common 0.1.0] cargo:warning=Options bytes length: 0
[temporalio-common 0.1.0] cargo:warning=First 50 bytes as hex: 
[temporalio-common 0.1.0] No extension found for method UnpauseWorkflowExecution
[temporalio-common 0.1.0] cargo:warning=Processing method: temporal.api.workflowservice.v1.WorkflowService.StartActivityExecution with input type: temporal.api.workflowservice.v1.StartActivityExecutionRequest
[temporalio-common 0.1.0] cargo:warning=Method StartActivityExecution has options. Let's debug the raw options data.
[temporalio-common 0.1.0] cargo:warning=Options bytes length: 0
[temporalio-common 0.1.0] cargo:warning=First 50 bytes as hex: 
[temporalio-common 0.1.0] No extension found for method StartActivityExecution
[temporalio-common 0.1.0] cargo:warning=Processing method: temporal.api.workflowservice.v1.WorkflowService.DescribeActivityExecution with input type: temporal.api.workflowservice.v1.DescribeActivityExecutionRequest
[temporalio-common 0.1.0] cargo:warning=Method DescribeActivityExecution has options. Let's debug the raw options data.
[temporalio-common 0.1.0] cargo:warning=Options bytes length: 0
[temporalio-common 0.1.0] cargo:warning=First 50 bytes as hex: 
[temporalio-common 0.1.0] No extension found for method DescribeActivityExecution
[temporalio-common 0.1.0] cargo:warning=Processing method: temporal.api.workflowservice.v1.WorkflowService.PollActivityExecution with input type: temporal.api.workflowservice.v1.PollActivityExecutionRequest
[temporalio-common 0.1.0] cargo:warning=Method PollActivityExecution has options. Let's debug the raw options data.
[temporalio-common 0.1.0] cargo:warning=Options bytes length: 0
[temporalio-common 0.1.0] cargo:warning=First 50 bytes as hex: 
[temporalio-common 0.1.0] No extension found for method PollActivityExecution
[temporalio-common 0.1.0] cargo:warning=Processing method: temporal.api.workflowservice.v1.WorkflowService.ListActivityExecutions with input type: temporal.api.workflowservice.v1.ListActivityExecutionsRequest
[temporalio-common 0.1.0] cargo:warning=Method ListActivityExecutions has options. Let's debug the raw options data.
[temporalio-common 0.1.0] cargo:warning=Options bytes length: 0
[temporalio-common 0.1.0] cargo:warning=First 50 bytes as hex: 
[temporalio-common 0.1.0] No extension found for method ListActivityExecutions
[temporalio-common 0.1.0] cargo:warning=Processing method: temporal.api.workflowservice.v1.WorkflowService.CountActivityExecutions with input type: temporal.api.workflowservice.v1.CountActivityExecutionsRequest
[temporalio-common 0.1.0] cargo:warning=Method CountActivityExecutions has options. Let's debug the raw options data.
[temporalio-common 0.1.0] cargo:warning=Options bytes length: 0
[temporalio-common 0.1.0] cargo:warning=First 50 bytes as hex: 
[temporalio-common 0.1.0] No extension found for method CountActivityExecutions
[temporalio-common 0.1.0] cargo:warning=Processing method: temporal.api.workflowservice.v1.WorkflowService.RequestCancelActivityExecution with input type: temporal.api.workflowservice.v1.RequestCancelActivityExecutionRequest
[temporalio-common 0.1.0] cargo:warning=Method RequestCancelActivityExecution has options. Let's debug the raw options data.
[temporalio-common 0.1.0] cargo:warning=Options bytes length: 0
[temporalio-common 0.1.0] cargo:warning=First 50 bytes as hex: 
[temporalio-common 0.1.0] No extension found for method RequestCancelActivityExecution
[temporalio-common 0.1.0] cargo:warning=Processing method: temporal.api.workflowservice.v1.WorkflowService.TerminateActivityExecution with input type: temporal.api.workflowservice.v1.TerminateActivityExecutionRequest
[temporalio-common 0.1.0] cargo:warning=Method TerminateActivityExecution has options. Let's debug the raw options data.
[temporalio-common 0.1.0] cargo:warning=Options bytes length: 0
[temporalio-common 0.1.0] cargo:warning=First 50 bytes as hex: 
[temporalio-common 0.1.0] No extension found for method TerminateActivityExecution
[temporalio-common 0.1.0] cargo:warning=Processing method: temporal.api.workflowservice.v1.WorkflowService.DeleteActivityExecution with input type: temporal.api.workflowservice.v1.DeleteActivityExecutionRequest
[temporalio-common 0.1.0] cargo:warning=Method DeleteActivityExecution has options. Let's debug the raw options data.
[temporalio-common 0.1.0] cargo:warning=Options bytes length: 0
[temporalio-common 0.1.0] cargo:warning=First 50 bytes as hex: 
[temporalio-common 0.1.0] No extension found for method DeleteActivityExecution
[temporalio-common 0.1.0] cargo:warning=Looking for services in file: temporal/api/operatorservice/v1/request_response.proto (package: temporal.api.operatorservice.v1)
[temporalio-common 0.1.0] cargo:warning=Looking for services in file: temporal/api/operatorservice/v1/service.proto (package: temporal.api.operatorservice.v1)
[temporalio-common 0.1.0] cargo:warning=Found service: OperatorService
[temporalio-common 0.1.0] cargo:warning=Processing method: temporal.api.operatorservice.v1.OperatorService.AddSearchAttributes with input type: temporal.api.operatorservice.v1.AddSearchAttributesRequest
[temporalio-common 0.1.0] cargo:warning=Method AddSearchAttributes has options. Let's debug the raw options data.
[temporalio-common 0.1.0] cargo:warning=Options bytes length: 0
[temporalio-common 0.1.0] cargo:warning=First 50 bytes as hex: 
[temporalio-common 0.1.0] No extension found for method AddSearchAttributes
[temporalio-common 0.1.0] cargo:warning=Processing method: temporal.api.operatorservice.v1.OperatorService.RemoveSearchAttributes with input type: temporal.api.operatorservice.v1.RemoveSearchAttributesRequest
[temporalio-common 0.1.0] cargo:warning=Method RemoveSearchAttributes has options. Let's debug the raw options data.
[temporalio-common 0.1.0] cargo:warning=Options bytes length: 0
[temporalio-common 0.1.0] cargo:warning=First 50 bytes as hex: 
[temporalio-common 0.1.0] No extension found for method RemoveSearchAttributes
[temporalio-common 0.1.0] cargo:warning=Processing method: temporal.api.operatorservice.v1.OperatorService.ListSearchAttributes with input type: temporal.api.operatorservice.v1.ListSearchAttributesRequest
[temporalio-common 0.1.0] cargo:warning=Method ListSearchAttributes has options. Let's debug the raw options data.
[temporalio-common 0.1.0] cargo:warning=Options bytes length: 0
[temporalio-common 0.1.0] cargo:warning=First 50 bytes as hex: 
[temporalio-common 0.1.0] No extension found for method ListSearchAttributes
[temporalio-common 0.1.0] cargo:warning=Processing method: temporal.api.operatorservice.v1.OperatorService.DeleteNamespace with input type: temporal.api.operatorservice.v1.DeleteNamespaceRequest
[temporalio-common 0.1.0] cargo:warning=Method DeleteNamespace has options. Let's debug the raw options data.
[temporalio-common 0.1.0] cargo:warning=Options bytes length: 0
[temporalio-common 0.1.0] cargo:warning=First 50 bytes as hex: 
[temporalio-common 0.1.0] No extension found for method DeleteNamespace
[temporalio-common 0.1.0] cargo:warning=Processing method: temporal.api.operatorservice.v1.OperatorService.AddOrUpdateRemoteCluster with input type: temporal.api.operatorservice.v1.AddOrUpdateRemoteClusterRequest
[temporalio-common 0.1.0] cargo:warning=Method AddOrUpdateRemoteCluster has options. Let's debug the raw options data.
[temporalio-common 0.1.0] cargo:warning=Options bytes length: 0
[temporalio-common 0.1.0] cargo:warning=First 50 bytes as hex: 
[temporalio-common 0.1.0] No extension found for method AddOrUpdateRemoteCluster
[temporalio-common 0.1.0] cargo:warning=Processing method: temporal.api.operatorservice.v1.OperatorService.RemoveRemoteCluster with input type: temporal.api.operatorservice.v1.RemoveRemoteClusterRequest
[temporalio-common 0.1.0] cargo:warning=Method RemoveRemoteCluster has options. Let's debug the raw options data.
[temporalio-common 0.1.0] cargo:warning=Options bytes length: 0
[temporalio-common 0.1.0] cargo:warning=First 50 bytes as hex: 
[temporalio-common 0.1.0] No extension found for method RemoveRemoteCluster
[temporalio-common 0.1.0] cargo:warning=Processing method: temporal.api.operatorservice.v1.OperatorService.ListClusters with input type: temporal.api.operatorservice.v1.ListClustersRequest
[temporalio-common 0.1.0] cargo:warning=Method ListClusters has options. Let's debug the raw options data.
[temporalio-common 0.1.0] cargo:warning=Options bytes length: 0
[temporalio-common 0.1.0] cargo:warning=First 50 bytes as hex: 
[temporalio-common 0.1.0] No extension found for method ListClusters
[temporalio-common 0.1.0] cargo:warning=Processing method: temporal.api.operatorservice.v1.OperatorService.GetNexusEndpoint with input type: temporal.api.operatorservice.v1.GetNexusEndpointRequest
[temporalio-common 0.1.0] cargo:warning=Method GetNexusEndpoint has options. Let's debug the raw options data.
[temporalio-common 0.1.0] cargo:warning=Options bytes length: 0
[temporalio-common 0.1.0] cargo:warning=First 50 bytes as hex: 
[temporalio-common 0.1.0] No extension found for method GetNexusEndpoint
[temporalio-common 0.1.0] cargo:warning=Processing method: temporal.api.operatorservice.v1.OperatorService.CreateNexusEndpoint with input type: temporal.api.operatorservice.v1.CreateNexusEndpointRequest
[temporalio-common 0.1.0] cargo:warning=Method CreateNexusEndpoint has options. Let's debug the raw options data.
[temporalio-common 0.1.0] cargo:warning=Options bytes length: 0
[temporalio-common 0.1.0] cargo:warning=First 50 bytes as hex: 
[temporalio-common 0.1.0] No extension found for method CreateNexusEndpoint
[temporalio-common 0.1.0] cargo:warning=Processing method: temporal.api.operatorservice.v1.OperatorService.UpdateNexusEndpoint with input type: temporal.api.operatorservice.v1.UpdateNexusEndpointRequest
[temporalio-common 0.1.0] cargo:warning=Method UpdateNexusEndpoint has options. Let's debug the raw options data.
[temporalio-common 0.1.0] cargo:warning=Options bytes length: 0
[temporalio-common 0.1.0] cargo:warning=First 50 bytes as hex: 
[temporalio-common 0.1.0] No extension found for method UpdateNexusEndpoint
[temporalio-common 0.1.0] cargo:warning=Processing method: temporal.api.operatorservice.v1.OperatorService.DeleteNexusEndpoint with input type: temporal.api.operatorservice.v1.DeleteNexusEndpointRequest
[temporalio-common 0.1.0] cargo:warning=Method DeleteNexusEndpoint has options. Let's debug the raw options data.
[temporalio-common 0.1.0] cargo:warning=Options bytes length: 0
[temporalio-common 0.1.0] cargo:warning=First 50 bytes as hex: 
[temporalio-common 0.1.0] No extension found for method DeleteNexusEndpoint
[temporalio-common 0.1.0] cargo:warning=Processing method: temporal.api.operatorservice.v1.OperatorService.ListNexusEndpoints with input type: temporal.api.operatorservice.v1.ListNexusEndpointsRequest
[temporalio-common 0.1.0] cargo:warning=Method ListNexusEndpoints has options. Let's debug the raw options data.
[temporalio-common 0.1.0] cargo:warning=Options bytes length: 0
[temporalio-common 0.1.0] cargo:warning=First 50 bytes as hex: 
[temporalio-common 0.1.0] No extension found for method ListNexusEndpoints
[temporalio-common 0.1.0] cargo:warning=Looking for services in file: temporal/api/errordetails/v1/message.proto (package: temporal.api.errordetails.v1)
[temporalio-common 0.1.0] cargo:warning=Looking for services in file: temporal/api/cloud/operation/v1/message.proto (package: temporal.api.cloud.operation.v1)
[temporalio-common 0.1.0] cargo:warning=Looking for services in file: temporal/api/cloud/resource/v1/message.proto (package: temporal.api.cloud.resource.v1)
[temporalio-common 0.1.0] cargo:warning=Looking for services in file: temporal/api/cloud/identity/v1/message.proto (package: temporal.api.cloud.identity.v1)
[temporalio-common 0.1.0] cargo:warning=Looking for services in file: temporal/api/cloud/sink/v1/message.proto (package: temporal.api.cloud.sink.v1)
[temporalio-common 0.1.0] cargo:warning=Looking for services in file: temporal/api/cloud/connectivityrule/v1/message.proto (package: temporal.api.cloud.connectivityrule.v1)
[temporalio-common 0.1.0] cargo:warning=Looking for services in file: temporal/api/cloud/namespace/v1/message.proto (package: temporal.api.cloud.namespace.v1)
[temporalio-common 0.1.0] cargo:warning=Looking for services in file: temporal/api/cloud/nexus/v1/message.proto (package: temporal.api.cloud.nexus.v1)
[temporalio-common 0.1.0] cargo:warning=Looking for services in file: temporal/api/cloud/region/v1/message.proto (package: temporal.api.cloud.region.v1)
[temporalio-common 0.1.0] cargo:warning=Looking for services in file: temporal/api/cloud/account/v1/message.proto (package: temporal.api.cloud.account.v1)
[temporalio-common 0.1.0] cargo:warning=Looking for services in file: temporal/api/cloud/usage/v1/message.proto (package: temporal.api.cloud.usage.v1)
[temporalio-common 0.1.0] cargo:warning=Looking for services in file: temporal/api/cloud/cloudservice/v1/request_response.proto (package: temporal.api.cloud.cloudservice.v1)
[temporalio-common 0.1.0] cargo:warning=Looking for services in file: temporal/api/cloud/cloudservice/v1/service.proto (package: temporal.api.cloud.cloudservice.v1)
[temporalio-common 0.1.0] cargo:warning=Found service: CloudService
[temporalio-common 0.1.0] cargo:warning=Processing method: temporal.api.cloud.cloudservice.v1.CloudService.GetUsers with input type: temporal.api.cloud.cloudservice.v1.GetUsersRequest
[temporalio-common 0.1.0] cargo:warning=Method GetUsers has options. Let's debug the raw options data.
[temporalio-common 0.1.0] cargo:warning=Options bytes length: 0
[temporalio-common 0.1.0] cargo:warning=First 50 bytes as hex: 
[temporalio-common 0.1.0] No extension found for method GetUsers
[temporalio-common 0.1.0] cargo:warning=Processing method: temporal.api.cloud.cloudservice.v1.CloudService.GetUser with input type: temporal.api.cloud.cloudservice.v1.GetUserRequest
[temporalio-common 0.1.0] cargo:warning=Method GetUser has options. Let's debug the raw options data.
[temporalio-common 0.1.0] cargo:warning=Options bytes length: 0
[temporalio-common 0.1.0] cargo:warning=First 50 bytes as hex: 
[temporalio-common 0.1.0] No extension found for method GetUser
[temporalio-common 0.1.0] cargo:warning=Processing method: temporal.api.cloud.cloudservice.v1.CloudService.CreateUser with input type: temporal.api.cloud.cloudservice.v1.CreateUserRequest
[temporalio-common 0.1.0] cargo:warning=Method CreateUser has options. Let's debug the raw options data.
[temporalio-common 0.1.0] cargo:warning=Options bytes length: 0
[temporalio-common 0.1.0] cargo:warning=First 50 bytes as hex: 
[temporalio-common 0.1.0] No extension found for method CreateUser
[temporalio-common 0.1.0] cargo:warning=Processing method: temporal.api.cloud.cloudservice.v1.CloudService.UpdateUser with input type: temporal.api.cloud.cloudservice.v1.UpdateUserRequest
[temporalio-common 0.1.0] cargo:warning=Method UpdateUser has options. Let's debug the raw options data.
[temporalio-common 0.1.0] cargo:warning=Options bytes length: 0
[temporalio-common 0.1.0] cargo:warning=First 50 bytes as hex: 
[temporalio-common 0.1.0] No extension found for method UpdateUser
[temporalio-common 0.1.0] cargo:warning=Processing method: temporal.api.cloud.cloudservice.v1.CloudService.DeleteUser with input type: temporal.api.cloud.cloudservice.v1.DeleteUserRequest
[temporalio-common 0.1.0] cargo:warning=Method DeleteUser has options. Let's debug the raw options data.
[temporalio-common 0.1.0] cargo:warning=Options bytes length: 0
[temporalio-common 0.1.0] cargo:warning=First 50 bytes as hex: 
[temporalio-common 0.1.0] No extension found for method DeleteUser
[temporalio-common 0.1.0] cargo:warning=Processing method: temporal.api.cloud.cloudservice.v1.CloudService.SetUserNamespaceAccess with input type: temporal.api.cloud.cloudservice.v1.SetUserNamespaceAccessRequest
[temporalio-common 0.1.0] cargo:warning=Method SetUserNamespaceAccess has options. Let's debug the raw options data.
[temporalio-common 0.1.0] cargo:warning=Options bytes length: 0
[temporalio-common 0.1.0] cargo:warning=First 50 bytes as hex: 
[temporalio-common 0.1.0] No extension found for method SetUserNamespaceAccess
[temporalio-common 0.1.0] cargo:warning=Processing method: temporal.api.cloud.cloudservice.v1.CloudService.GetAsyncOperation with input type: temporal.api.cloud.cloudservice.v1.GetAsyncOperationRequest
[temporalio-common 0.1.0] cargo:warning=Method GetAsyncOperation has options. Let's debug the raw options data.
[temporalio-common 0.1.0] cargo:warning=Options bytes length: 0
[temporalio-common 0.1.0] cargo:warning=First 50 bytes as hex: 
[temporalio-common 0.1.0] No extension found for method GetAsyncOperation
[temporalio-common 0.1.0] cargo:warning=Processing method: temporal.api.cloud.cloudservice.v1.CloudService.CreateNamespace with input type: temporal.api.cloud.cloudservice.v1.CreateNamespaceRequest
[temporalio-common 0.1.0] cargo:warning=Method CreateNamespace has options. Let's debug the raw options data.
[temporalio-common 0.1.0] cargo:warning=Options bytes length: 0
[temporalio-common 0.1.0] cargo:warning=First 50 bytes as hex: 
[temporalio-common 0.1.0] No extension found for method CreateNamespace
[temporalio-common 0.1.0] cargo:warning=Processing method: temporal.api.cloud.cloudservice.v1.CloudService.GetNamespaces with input type: temporal.api.cloud.cloudservice.v1.GetNamespacesRequest
[temporalio-common 0.1.0] cargo:warning=Method GetNamespaces has options. Let's debug the raw options data.
[temporalio-common 0.1.0] cargo:warning=Options bytes length: 0
[temporalio-common 0.1.0] cargo:warning=First 50 bytes as hex: 
[temporalio-common 0.1.0] No extension found for method GetNamespaces
[temporalio-common 0.1.0] cargo:warning=Processing method: temporal.api.cloud.cloudservice.v1.CloudService.GetNamespace with input type: temporal.api.cloud.cloudservice.v1.GetNamespaceRequest
[temporalio-common 0.1.0] cargo:warning=Method GetNamespace has options. Let's debug the raw options data.
[temporalio-common 0.1.0] cargo:warning=Options bytes length: 0
[temporalio-common 0.1.0] cargo:warning=First 50 bytes as hex: 
[temporalio-common 0.1.0] No extension found for method GetNamespace
[temporalio-common 0.1.0] cargo:warning=Processing method: temporal.api.cloud.cloudservice.v1.CloudService.UpdateNamespace with input type: temporal.api.cloud.cloudservice.v1.UpdateNamespaceRequest
[temporalio-common 0.1.0] cargo:warning=Method UpdateNamespace has options. Let's debug the raw options data.
[temporalio-common 0.1.0] cargo:warning=Options bytes length: 0
[temporalio-common 0.1.0] cargo:warning=First 50 bytes as hex: 
[temporalio-common 0.1.0] No extension found for method UpdateNamespace
[temporalio-common 0.1.0] cargo:warning=Processing method: temporal.api.cloud.cloudservice.v1.CloudService.RenameCustomSearchAttribute with input type: temporal.api.cloud.cloudservice.v1.RenameCustomSearchAttributeRequest
[temporalio-common 0.1.0] cargo:warning=Method RenameCustomSearchAttribute has options. Let's debug the raw options data.
[temporalio-common 0.1.0] cargo:warning=Options bytes length: 0
[temporalio-common 0.1.0] cargo:warning=First 50 bytes as hex: 
[temporalio-common 0.1.0] No extension found for method RenameCustomSearchAttribute
[temporalio-common 0.1.0] cargo:warning=Processing method: temporal.api.cloud.cloudservice.v1.CloudService.DeleteNamespace with input type: temporal.api.cloud.cloudservice.v1.DeleteNamespaceRequest
[temporalio-common 0.1.0] cargo:warning=Method DeleteNamespace has options. Let's debug the raw options data.
[temporalio-common 0.1.0] cargo:warning=Options bytes length: 0
[temporalio-common 0.1.0] cargo:warning=First 50 bytes as hex: 
[temporalio-common 0.1.0] No extension found for method DeleteNamespace
[temporalio-common 0.1.0] cargo:warning=Processing method: temporal.api.cloud.cloudservice.v1.CloudService.FailoverNamespaceRegion with input type: temporal.api.cloud.cloudservice.v1.FailoverNamespaceRegionRequest
[temporalio-common 0.1.0] cargo:warning=Method FailoverNamespaceRegion has options. Let's debug the raw options data.
[temporalio-common 0.1.0] cargo:warning=Options bytes length: 0
[temporalio-common 0.1.0] cargo:warning=First 50 bytes as hex: 
[temporalio-common 0.1.0] No extension found for method FailoverNamespaceRegion
[temporalio-common 0.1.0] cargo:warning=Processing method: temporal.api.cloud.cloudservice.v1.CloudService.AddNamespaceRegion with input type: temporal.api.cloud.cloudservice.v1.AddNamespaceRegionRequest
[temporalio-common 0.1.0] cargo:warning=Method AddNamespaceRegion has options. Let's debug the raw options data.
[temporalio-common 0.1.0] cargo:warning=Options bytes length: 0
[temporalio-common 0.1.0] cargo:warning=First 50 bytes as hex: 
[temporalio-common 0.1.0] No extension found for method AddNamespaceRegion
[temporalio-common 0.1.0] cargo:warning=Processing method: temporal.api.cloud.cloudservice.v1.CloudService.DeleteNamespaceRegion with input type: temporal.api.cloud.cloudservice.v1.DeleteNamespaceRegionRequest
[temporalio-common 0.1.0] cargo:warning=Method DeleteNamespaceRegion has options. Let's debug the raw options data.
[temporalio-common 0.1.0] cargo:warning=Options bytes length: 0
[temporalio-common 0.1.0] cargo:warning=First 50 bytes as hex: 
[temporalio-common 0.1.0] No extension found for method DeleteNamespaceRegion
[temporalio-common 0.1.0] cargo:warning=Processing method: temporal.api.cloud.cloudservice.v1.CloudService.GetRegions with input type: temporal.api.cloud.cloudservice.v1.GetRegionsRequest
[temporalio-common 0.1.0] cargo:warning=Method GetRegions has options. Let's debug the raw options data.
[temporalio-common 0.1.0] cargo:warning=Options bytes length: 0
[temporalio-common 0.1.0] cargo:warning=First 50 bytes as hex: 
[temporalio-common 0.1.0] No extension found for method GetRegions
[temporalio-common 0.1.0] cargo:warning=Processing method: temporal.api.cloud.cloudservice.v1.CloudService.GetRegion with input type: temporal.api.cloud.cloudservice.v1.GetRegionRequest
[temporalio-common 0.1.0] cargo:warning=Method GetRegion has options. Let's debug the raw options data.
[temporalio-common 0.1.0] cargo:warning=Options bytes length: 0
[temporalio-common 0.1.0] cargo:warning=First 50 bytes as hex: 
[temporalio-common 0.1.0] No extension found for method GetRegion
[temporalio-common 0.1.0] cargo:warning=Processing method: temporal.api.cloud.cloudservice.v1.CloudService.GetApiKeys with input type: temporal.api.cloud.cloudservice.v1.GetApiKeysRequest
[temporalio-common 0.1.0] cargo:warning=Method GetApiKeys has options. Let's debug the raw options data.
[temporalio-common 0.1.0] cargo:warning=Options bytes length: 0
[temporalio-common 0.1.0] cargo:warning=First 50 bytes as hex: 
[temporalio-common 0.1.0] No extension found for method GetApiKeys
[temporalio-common 0.1.0] cargo:warning=Processing method: temporal.api.cloud.cloudservice.v1.CloudService.GetApiKey with input type: temporal.api.cloud.cloudservice.v1.GetApiKeyRequest
[temporalio-common 0.1.0] cargo:warning=Method GetApiKey has options. Let's debug the raw options data.
[temporalio-common 0.1.0] cargo:warning=Options bytes length: 0
[temporalio-common 0.1.0] cargo:warning=First 50 bytes as hex: 
[temporalio-common 0.1.0] No extension found for method GetApiKey
[temporalio-common 0.1.0] cargo:warning=Processing method: temporal.api.cloud.cloudservice.v1.CloudService.CreateApiKey with input type: temporal.api.cloud.cloudservice.v1.CreateApiKeyRequest
[temporalio-common 0.1.0] cargo:warning=Method CreateApiKey has options. Let's debug the raw options data.
[temporalio-common 0.1.0] cargo:warning=Options bytes length: 0
[temporalio-common 0.1.0] cargo:warning=First 50 bytes as hex: 
[temporalio-common 0.1.0] No extension found for method CreateApiKey
[temporalio-common 0.1.0] cargo:warning=Processing method: temporal.api.cloud.cloudservice.v1.CloudService.UpdateApiKey with input type: temporal.api.cloud.cloudservice.v1.UpdateApiKeyRequest
[temporalio-common 0.1.0] cargo:warning=Method UpdateApiKey has options. Let's debug the raw options data.
[temporalio-common 0.1.0] cargo:warning=Options bytes length: 0
[temporalio-common 0.1.0] cargo:warning=First 50 bytes as hex: 
[temporalio-common 0.1.0] No extension found for method UpdateApiKey
[temporalio-common 0.1.0] cargo:warning=Processing method: temporal.api.cloud.cloudservice.v1.CloudService.DeleteApiKey with input type: temporal.api.cloud.cloudservice.v1.DeleteApiKeyRequest
[temporalio-common 0.1.0] cargo:warning=Method DeleteApiKey has options. Let's debug the raw options data.
[temporalio-common 0.1.0] cargo:warning=Options bytes length: 0
[temporalio-common 0.1.0] cargo:warning=First 50 bytes as hex: 
[temporalio-common 0.1.0] No extension found for method DeleteApiKey
[temporalio-common 0.1.0] cargo:warning=Processing method: temporal.api.cloud.cloudservice.v1.CloudService.GetNexusEndpoints with input type: temporal.api.cloud.cloudservice.v1.GetNexusEndpointsRequest
[temporalio-common 0.1.0] cargo:warning=Method GetNexusEndpoints has options. Let's debug the raw options data.
[temporalio-common 0.1.0] cargo:warning=Options bytes length: 0
[temporalio-common 0.1.0] cargo:warning=First 50 bytes as hex: 
[temporalio-common 0.1.0] No extension found for method GetNexusEndpoints
[temporalio-common 0.1.0] cargo:warning=Processing method: temporal.api.cloud.cloudservice.v1.CloudService.GetNexusEndpoint with input type: temporal.api.cloud.cloudservice.v1.GetNexusEndpointRequest
[temporalio-common 0.1.0] cargo:warning=Method GetNexusEndpoint has options. Let's debug the raw options data.
[temporalio-common 0.1.0] cargo:warning=Options bytes length: 0
[temporalio-common 0.1.0] cargo:warning=First 50 bytes as hex: 
[temporalio-common 0.1.0] No extension found for method GetNexusEndpoint
[temporalio-common 0.1.0] cargo:warning=Processing method: temporal.api.cloud.cloudservice.v1.CloudService.CreateNexusEndpoint with input type: temporal.api.cloud.cloudservice.v1.CreateNexusEndpointRequest
[temporalio-common 0.1.0] cargo:warning=Method CreateNexusEndpoint has options. Let's debug the raw options data.
[temporalio-common 0.1.0] cargo:warning=Options bytes length: 0
[temporalio-common 0.1.0] cargo:warning=First 50 bytes as hex: 
[temporalio-common 0.1.0] No extension found for method CreateNexusEndpoint
[temporalio-common 0.1.0] cargo:warning=Processing method: temporal.api.cloud.cloudservice.v1.CloudService.UpdateNexusEndpoint with input type: temporal.api.cloud.cloudservice.v1.UpdateNexusEndpointRequest
[temporalio-common 0.1.0] cargo:warning=Method UpdateNexusEndpoint has options. Let's debug the raw options data.
[temporalio-common 0.1.0] cargo:warning=Options bytes length: 0
[temporalio-common 0.1.0] cargo:warning=First 50 bytes as hex: 
[temporalio-common 0.1.0] No extension found for method UpdateNexusEndpoint
[temporalio-common 0.1.0] cargo:warning=Processing method: temporal.api.cloud.cloudservice.v1.CloudService.DeleteNexusEndpoint with input type: temporal.api.cloud.cloudservice.v1.DeleteNexusEndpointRequest
[temporalio-common 0.1.0] cargo:warning=Method DeleteNexusEndpoint has options. Let's debug the raw options data.
[temporalio-common 0.1.0] cargo:warning=Options bytes length: 0
[temporalio-common 0.1.0] cargo:warning=First 50 bytes as hex: 
[temporalio-common 0.1.0] No extension found for method DeleteNexusEndpoint
[temporalio-common 0.1.0] cargo:warning=Processing method: temporal.api.cloud.cloudservice.v1.CloudService.GetUserGroups with input type: temporal.api.cloud.cloudservice.v1.GetUserGroupsRequest
[temporalio-common 0.1.0] cargo:warning=Method GetUserGroups has options. Let's debug the raw options data.
[temporalio-common 0.1.0] cargo:warning=Options bytes length: 0
[temporalio-common 0.1.0] cargo:warning=First 50 bytes as hex: 
[temporalio-common 0.1.0] No extension found for method GetUserGroups
[temporalio-common 0.1.0] cargo:warning=Processing method: temporal.api.cloud.cloudservice.v1.CloudService.GetUserGroup with input type: temporal.api.cloud.cloudservice.v1.GetUserGroupRequest
[temporalio-common 0.1.0] cargo:warning=Method GetUserGroup has options. Let's debug the raw options data.
[temporalio-common 0.1.0] cargo:warning=Options bytes length: 0
[temporalio-common 0.1.0] cargo:warning=First 50 bytes as hex: 
[temporalio-common 0.1.0] No extension found for method GetUserGroup
[temporalio-common 0.1.0] cargo:warning=Processing method: temporal.api.cloud.cloudservice.v1.CloudService.CreateUserGroup with input type: temporal.api.cloud.cloudservice.v1.CreateUserGroupRequest
[temporalio-common 0.1.0] cargo:warning=Method CreateUserGroup has options. Let's debug the raw options data.
[temporalio-common 0.1.0] cargo:warning=Options bytes length: 0
[temporalio-common 0.1.0] cargo:warning=First 50 bytes as hex: 
[temporalio-common 0.1.0] No extension found for method CreateUserGroup
[temporalio-common 0.1.0] cargo:warning=Processing method: temporal.api.cloud.cloudservice.v1.CloudService.UpdateUserGroup with input type: temporal.api.cloud.cloudservice.v1.UpdateUserGroupRequest
[temporalio-common 0.1.0] cargo:warning=Method UpdateUserGroup has options. Let's debug the raw options data.
[temporalio-common 0.1.0] cargo:warning=Options bytes length: 0
[temporalio-common 0.1.0] cargo:warning=First 50 bytes as hex: 
[temporalio-common 0.1.0] No extension found for method UpdateUserGroup
[temporalio-common 0.1.0] cargo:warning=Processing method: temporal.api.cloud.cloudservice.v1.CloudService.DeleteUserGroup with input type: temporal.api.cloud.cloudservice.v1.DeleteUserGroupRequest
[temporalio-common 0.1.0] cargo:warning=Method DeleteUserGroup has options. Let's debug the raw options data.
[temporalio-common 0.1.0] cargo:warning=Options bytes length: 0
[temporalio-common 0.1.0] cargo:warning=First 50 bytes as hex: 
[temporalio-common 0.1.0] No extension found for method DeleteUserGroup
[temporalio-common 0.1.0] cargo:warning=Processing method: temporal.api.cloud.cloudservice.v1.CloudService.SetUserGroupNamespaceAccess with input type: temporal.api.cloud.cloudservice.v1.SetUserGroupNamespaceAccessRequest
[temporalio-common 0.1.0] cargo:warning=Method SetUserGroupNamespaceAccess has options. Let's debug the raw options data.
[temporalio-common 0.1.0] cargo:warning=Options bytes length: 0
[temporalio-common 0.1.0] cargo:warning=First 50 bytes as hex: 
[temporalio-common 0.1.0] No extension found for method SetUserGroupNamespaceAccess
[temporalio-common 0.1.0] cargo:warning=Processing method: temporal.api.cloud.cloudservice.v1.CloudService.AddUserGroupMember with input type: temporal.api.cloud.cloudservice.v1.AddUserGroupMemberRequest
[temporalio-common 0.1.0] cargo:warning=Method AddUserGroupMember has options. Let's debug the raw options data.
[temporalio-common 0.1.0] cargo:warning=Options bytes length: 0
[temporalio-common 0.1.0] cargo:warning=First 50 bytes as hex: 
[temporalio-common 0.1.0] No extension found for method AddUserGroupMember
[temporalio-common 0.1.0] cargo:warning=Processing method: temporal.api.cloud.cloudservice.v1.CloudService.RemoveUserGroupMember with input type: temporal.api.cloud.cloudservice.v1.RemoveUserGroupMemberRequest
[temporalio-common 0.1.0] cargo:warning=Method RemoveUserGroupMember has options. Let's debug the raw options data.
[temporalio-common 0.1.0] cargo:warning=Options bytes length: 0
[temporalio-common 0.1.0] cargo:warning=First 50 bytes as hex: 
[temporalio-common 0.1.0] No extension found for method RemoveUserGroupMember
[temporalio-common 0.1.0] cargo:warning=Processing method: temporal.api.cloud.cloudservice.v1.CloudService.GetUserGroupMembers with input type: temporal.api.cloud.cloudservice.v1.GetUserGroupMembersRequest
[temporalio-common 0.1.0] cargo:warning=Method GetUserGroupMembers has options. Let's debug the raw options data.
[temporalio-common 0.1.0] cargo:warning=Options bytes length: 0
[temporalio-common 0.1.0] cargo:warning=First 50 bytes as hex: 
[temporalio-common 0.1.0] No extension found for method GetUserGroupMembers
[temporalio-common 0.1.0] cargo:warning=Processing method: temporal.api.cloud.cloudservice.v1.CloudService.CreateServiceAccount with input type: temporal.api.cloud.cloudservice.v1.CreateServiceAccountRequest
[temporalio-common 0.1.0] cargo:warning=Method CreateServiceAccount has options. Let's debug the raw options data.
[temporalio-common 0.1.0] cargo:warning=Options bytes length: 0
[temporalio-common 0.1.0] cargo:warning=First 50 bytes as hex: 
[temporalio-common 0.1.0] No extension found for method CreateServiceAccount
[temporalio-common 0.1.0] cargo:warning=Processing method: temporal.api.cloud.cloudservice.v1.CloudService.GetServiceAccount with input type: temporal.api.cloud.cloudservice.v1.GetServiceAccountRequest
[temporalio-common 0.1.0] cargo:warning=Method GetServiceAccount has options. Let's debug the raw options data.
[temporalio-common 0.1.0] cargo:warning=Options bytes length: 0
[temporalio-common 0.1.0] cargo:warning=First 50 bytes as hex: 
[temporalio-common 0.1.0] No extension found for method GetServiceAccount
[temporalio-common 0.1.0] cargo:warning=Processing method: temporal.api.cloud.cloudservice.v1.CloudService.GetServiceAccounts with input type: temporal.api.cloud.cloudservice.v1.GetServiceAccountsRequest
[temporalio-common 0.1.0] cargo:warning=Method GetServiceAccounts has options. Let's debug the raw options data.
[temporalio-common 0.1.0] cargo:warning=Options bytes length: 0
[temporalio-common 0.1.0] cargo:warning=First 50 bytes as hex: 
[temporalio-common 0.1.0] No extension found for method GetServiceAccounts
[temporalio-common 0.1.0] cargo:warning=Processing method: temporal.api.cloud.cloudservice.v1.CloudService.UpdateServiceAccount with input type: temporal.api.cloud.cloudservice.v1.UpdateServiceAccountRequest
[temporalio-common 0.1.0] cargo:warning=Method UpdateServiceAccount has options. Let's debug the raw options data.
[temporalio-common 0.1.0] cargo:warning=Options bytes length: 0
[temporalio-common 0.1.0] cargo:warning=First 50 bytes as hex: 
[temporalio-common 0.1.0] No extension found for method UpdateServiceAccount
[temporalio-common 0.1.0] cargo:warning=Processing method: temporal.api.cloud.cloudservice.v1.CloudService.SetServiceAccountNamespaceAccess with input type: temporal.api.cloud.cloudservice.v1.SetServiceAccountNamespaceAccessRequest
[temporalio-common 0.1.0] cargo:warning=Method SetServiceAccountNamespaceAccess has options. Let's debug the raw options data.
[temporalio-common 0.1.0] cargo:warning=Options bytes length: 0
[temporalio-common 0.1.0] cargo:warning=First 50 bytes as hex: 
[temporalio-common 0.1.0] No extension found for method SetServiceAccountNamespaceAccess
[temporalio-common 0.1.0] cargo:warning=Processing method: temporal.api.cloud.cloudservice.v1.CloudService.DeleteServiceAccount with input type: temporal.api.cloud.cloudservice.v1.DeleteServiceAccountRequest
[temporalio-common 0.1.0] cargo:warning=Method DeleteServiceAccount has options. Let's debug the raw options data.
[temporalio-common 0.1.0] cargo:warning=Options bytes length: 0
[temporalio-common 0.1.0] cargo:warning=First 50 bytes as hex: 
[temporalio-common 0.1.0] No extension found for method DeleteServiceAccount
[temporalio-common 0.1.0] cargo:warning=Processing method: temporal.api.cloud.cloudservice.v1.CloudService.GetUsage with input type: temporal.api.cloud.cloudservice.v1.GetUsageRequest
[temporalio-common 0.1.0] cargo:warning=Method GetUsage has options. Let's debug the raw options data.
[temporalio-common 0.1.0] cargo:warning=Options bytes length: 0
[temporalio-common 0.1.0] cargo:warning=First 50 bytes as hex: 
[temporalio-common 0.1.0] No extension found for method GetUsage
[temporalio-common 0.1.0] cargo:warning=Processing method: temporal.api.cloud.cloudservice.v1.CloudService.GetAccount with input type: temporal.api.cloud.cloudservice.v1.GetAccountRequest
[temporalio-common 0.1.0] cargo:warning=Method GetAccount has options. Let's debug the raw options data.
[temporalio-common 0.1.0] cargo:warning=Options bytes length: 0
[temporalio-common 0.1.0] cargo:warning=First 50 bytes as hex: 
[temporalio-common 0.1.0] No extension found for method GetAccount
[temporalio-common 0.1.0] cargo:warning=Processing method: temporal.api.cloud.cloudservice.v1.CloudService.UpdateAccount with input type: temporal.api.cloud.cloudservice.v1.UpdateAccountRequest
[temporalio-common 0.1.0] cargo:warning=Method UpdateAccount has options. Let's debug the raw options data.
[temporalio-common 0.1.0] cargo:warning=Options bytes length: 0
[temporalio-common 0.1.0] cargo:warning=First 50 bytes as hex: 
[temporalio-common 0.1.0] No extension found for method UpdateAccount
[temporalio-common 0.1.0] cargo:warning=Processing method: temporal.api.cloud.cloudservice.v1.CloudService.CreateNamespaceExportSink with input type: temporal.api.cloud.cloudservice.v1.CreateNamespaceExportSinkRequest
[temporalio-common 0.1.0] cargo:warning=Method CreateNamespaceExportSink has options. Let's debug the raw options data.
[temporalio-common 0.1.0] cargo:warning=Options bytes length: 0
[temporalio-common 0.1.0] cargo:warning=First 50 bytes as hex: 
[temporalio-common 0.1.0] No extension found for method CreateNamespaceExportSink
[temporalio-common 0.1.0] cargo:warning=Processing method: temporal.api.cloud.cloudservice.v1.CloudService.GetNamespaceExportSink with input type: temporal.api.cloud.cloudservice.v1.GetNamespaceExportSinkRequest
[temporalio-common 0.1.0] cargo:warning=Method GetNamespaceExportSink has options. Let's debug the raw options data.
[temporalio-common 0.1.0] cargo:warning=Options bytes length: 0
[temporalio-common 0.1.0] cargo:warning=First 50 bytes as hex: 
[temporalio-common 0.1.0] No extension found for method GetNamespaceExportSink
[temporalio-common 0.1.0] cargo:warning=Processing method: temporal.api.cloud.cloudservice.v1.CloudService.GetNamespaceExportSinks with input type: temporal.api.cloud.cloudservice.v1.GetNamespaceExportSinksRequest
[temporalio-common 0.1.0] cargo:warning=Method GetNamespaceExportSinks has options. Let's debug the raw options data.
[temporalio-common 0.1.0] cargo:warning=Options bytes length: 0
[temporalio-common 0.1.0] cargo:warning=First 50 bytes as hex: 
[temporalio-common 0.1.0] No extension found for method GetNamespaceExportSinks
[temporalio-common 0.1.0] cargo:warning=Processing method: temporal.api.cloud.cloudservice.v1.CloudService.UpdateNamespaceExportSink with input type: temporal.api.cloud.cloudservice.v1.UpdateNamespaceExportSinkRequest
[temporalio-common 0.1.0] cargo:warning=Method UpdateNamespaceExportSink has options. Let's debug the raw options data.
[temporalio-common 0.1.0] cargo:warning=Options bytes length: 0
[temporalio-common 0.1.0] cargo:warning=First 50 bytes as hex: 
[temporalio-common 0.1.0] No extension found for method UpdateNamespaceExportSink
[temporalio-common 0.1.0] cargo:warning=Processing method: temporal.api.cloud.cloudservice.v1.CloudService.DeleteNamespaceExportSink with input type: temporal.api.cloud.cloudservice.v1.DeleteNamespaceExportSinkRequest
[temporalio-common 0.1.0] cargo:warning=Method DeleteNamespaceExportSink has options. Let's debug the raw options data.
[temporalio-common 0.1.0] cargo:warning=Options bytes length: 0
[temporalio-common 0.1.0] cargo:warning=First 50 bytes as hex: 
[temporalio-common 0.1.0] No extension found for method DeleteNamespaceExportSink
[temporalio-common 0.1.0] cargo:warning=Processing method: temporal.api.cloud.cloudservice.v1.CloudService.ValidateNamespaceExportSink with input type: temporal.api.cloud.cloudservice.v1.ValidateNamespaceExportSinkRequest
[temporalio-common 0.1.0] cargo:warning=Method ValidateNamespaceExportSink has options. Let's debug the raw options data.
[temporalio-common 0.1.0] cargo:warning=Options bytes length: 0
[temporalio-common 0.1.0] cargo:warning=First 50 bytes as hex: 
[temporalio-common 0.1.0] No extension found for method ValidateNamespaceExportSink
[temporalio-common 0.1.0] cargo:warning=Processing method: temporal.api.cloud.cloudservice.v1.CloudService.UpdateNamespaceTags with input type: temporal.api.cloud.cloudservice.v1.UpdateNamespaceTagsRequest
[temporalio-common 0.1.0] cargo:warning=Method UpdateNamespaceTags has options. Let's debug the raw options data.
[temporalio-common 0.1.0] cargo:warning=Options bytes length: 0
[temporalio-common 0.1.0] cargo:warning=First 50 bytes as hex: 
[temporalio-common 0.1.0] No extension found for method UpdateNamespaceTags
[temporalio-common 0.1.0] cargo:warning=Processing method: temporal.api.cloud.cloudservice.v1.CloudService.CreateConnectivityRule with input type: temporal.api.cloud.cloudservice.v1.CreateConnectivityRuleRequest
[temporalio-common 0.1.0] cargo:warning=Method CreateConnectivityRule has options. Let's debug the raw options data.
[temporalio-common 0.1.0] cargo:warning=Options bytes length: 0
[temporalio-common 0.1.0] cargo:warning=First 50 bytes as hex: 
[temporalio-common 0.1.0] No extension found for method CreateConnectivityRule
[temporalio-common 0.1.0] cargo:warning=Processing method: temporal.api.cloud.cloudservice.v1.CloudService.GetConnectivityRule with input type: temporal.api.cloud.cloudservice.v1.GetConnectivityRuleRequest
[temporalio-common 0.1.0] cargo:warning=Method GetConnectivityRule has options. Let's debug the raw options data.
[temporalio-common 0.1.0] cargo:warning=Options bytes length: 0
[temporalio-common 0.1.0] cargo:warning=First 50 bytes as hex: 
[temporalio-common 0.1.0] No extension found for method GetConnectivityRule
[temporalio-common 0.1.0] cargo:warning=Processing method: temporal.api.cloud.cloudservice.v1.CloudService.GetConnectivityRules with input type: temporal.api.cloud.cloudservice.v1.GetConnectivityRulesRequest
[temporalio-common 0.1.0] cargo:warning=Method GetConnectivityRules has options. Let's debug the raw options data.
[temporalio-common 0.1.0] cargo:warning=Options bytes length: 0
[temporalio-common 0.1.0] cargo:warning=First 50 bytes as hex: 
[temporalio-common 0.1.0] No extension found for method GetConnectivityRules
[temporalio-common 0.1.0] cargo:warning=Processing method: temporal.api.cloud.cloudservice.v1.CloudService.DeleteConnectivityRule with input type: temporal.api.cloud.cloudservice.v1.DeleteConnectivityRuleRequest
[temporalio-common 0.1.0] cargo:warning=Method DeleteConnectivityRule has options. Let's debug the raw options data.
[temporalio-common 0.1.0] cargo:warning=Options bytes length: 0
[temporalio-common 0.1.0] cargo:warning=First 50 bytes as hex: 
[temporalio-common 0.1.0] No extension found for method DeleteConnectivityRule
[temporalio-common 0.1.0] cargo:warning=Processing method: temporal.api.cloud.cloudservice.v1.CloudService.ValidateAccountAuditLogSink with input type: temporal.api.cloud.cloudservice.v1.ValidateAccountAuditLogSinkRequest
[temporalio-common 0.1.0] cargo:warning=Method ValidateAccountAuditLogSink has options. Let's debug the raw options data.
[temporalio-common 0.1.0] cargo:warning=Options bytes length: 0
[temporalio-common 0.1.0] cargo:warning=First 50 bytes as hex: 
[temporalio-common 0.1.0] No extension found for method ValidateAccountAuditLogSink
[temporalio-common 0.1.0] cargo:warning=Looking for services in file: temporal/api/testservice/v1/request_response.proto (package: temporal.api.testservice.v1)
[temporalio-common 0.1.0] cargo:warning=Looking for services in file: temporal/api/testservice/v1/service.proto (package: temporal.api.testservice.v1)
[temporalio-common 0.1.0] cargo:warning=Found service: TestService
[temporalio-common 0.1.0] cargo:warning=Processing method: temporal.api.testservice.v1.TestService.LockTimeSkipping with input type: temporal.api.testservice.v1.LockTimeSkippingRequest
[temporalio-common 0.1.0] cargo:warning=Method LockTimeSkipping has options. Let's debug the raw options data.
[temporalio-common 0.1.0] cargo:warning=Options bytes length: 0
[temporalio-common 0.1.0] cargo:warning=First 50 bytes as hex: 
[temporalio-common 0.1.0] No extension found for method LockTimeSkipping
[temporalio-common 0.1.0] cargo:warning=Processing method: temporal.api.testservice.v1.TestService.UnlockTimeSkipping with input type: temporal.api.testservice.v1.UnlockTimeSkippingRequest
[temporalio-common 0.1.0] cargo:warning=Method UnlockTimeSkipping has options. Let's debug the raw options data.
[temporalio-common 0.1.0] cargo:warning=Options bytes length: 0
[temporalio-common 0.1.0] cargo:warning=First 50 bytes as hex: 
[temporalio-common 0.1.0] No extension found for method UnlockTimeSkipping
[temporalio-common 0.1.0] cargo:warning=Processing method: temporal.api.testservice.v1.TestService.Sleep with input type: temporal.api.testservice.v1.SleepRequest
[temporalio-common 0.1.0] cargo:warning=Method Sleep has options. Let's debug the raw options data.
[temporalio-common 0.1.0] cargo:warning=Options bytes length: 0
[temporalio-common 0.1.0] cargo:warning=First 50 bytes as hex: 
[temporalio-common 0.1.0] No extension found for method Sleep
[temporalio-common 0.1.0] cargo:warning=Processing method: temporal.api.testservice.v1.TestService.SleepUntil with input type: temporal.api.testservice.v1.SleepUntilRequest
[temporalio-common 0.1.0] cargo:warning=Method SleepUntil has options. Let's debug the raw options data.
[temporalio-common 0.1.0] cargo:warning=Options bytes length: 0
[temporalio-common 0.1.0] cargo:warning=First 50 bytes as hex: 
[temporalio-common 0.1.0] No extension found for method SleepUntil
[temporalio-common 0.1.0] cargo:warning=Processing method: temporal.api.testservice.v1.TestService.UnlockTimeSkippingWithSleep with input type: temporal.api.testservice.v1.SleepRequest
[temporalio-common 0.1.0] cargo:warning=Method UnlockTimeSkippingWithSleep has options. Let's debug the raw options data.
[temporalio-common 0.1.0] cargo:warning=Options bytes length: 0
[temporalio-common 0.1.0] cargo:warning=First 50 bytes as hex: 
[temporalio-common 0.1.0] No extension found for method UnlockTimeSkippingWithSleep
[temporalio-common 0.1.0] cargo:warning=Processing method: temporal.api.testservice.v1.TestService.GetCurrentTime with input type: google.protobuf.Empty
[temporalio-common 0.1.0] cargo:warning=Method GetCurrentTime has options. Let's debug the raw options data.
[temporalio-common 0.1.0] cargo:warning=Options bytes length: 0
[temporalio-common 0.1.0] cargo:warning=First 50 bytes as hex: 
[temporalio-common 0.1.0] No extension found for method GetCurrentTime
[temporalio-common 0.1.0] cargo:warning=Looking for services in file: health/v1/health.proto (package: grpc.health.v1)
[temporalio-common 0.1.0] cargo:warning=Found service: Health
[temporalio-common 0.1.0] cargo:warning=Processing method: grpc.health.v1.Health.Check with input type: grpc.health.v1.HealthCheckRequest
[temporalio-common 0.1.0] cargo:warning=Method Check has no options
[temporalio-common 0.1.0] cargo:warning=Processing method: grpc.health.v1.Health.Watch with input type: grpc.health.v1.HealthCheckRequest
[temporalio-common 0.1.0] cargo:warning=Method Watch has no options
[temporalio-common 0.1.0] cargo:warning=Looking for services in file: google/rpc/status.proto (package: google.rpc)
[temporalio-common 0.1.0] cargo:warning=Found 0 method headers
[temporalio-common 0.1.0] cargo:warning=Generated request header implementation at "/Users/tconley/sdk-core/target/debug/build/temporalio-common-7d5cddbe3c249529/out/request_header_impl.rs"
